Archive member included because of file (symbol)

c:/program files (x86)/microchip/mplab c32 suite/bin/../lib/gcc/pic32mx/4.5.1/../../../../pic32mx/lib\libc.a(memset.o)
                              Objects\PIC32MX460F512L\usb_device.o (memset)
c:/program files (x86)/microchip/mplab c32 suite/bin/../lib/gcc/pic32mx/4.5.1/../../../../pic32mx/lib\libc.a(general-exception.o)
                              c:/program files (x86)/microchip/mplab c32 suite/bin/../lib/gcc/pic32mx/4.5.1/../../../../pic32mx/lib/crt0.o (_general_exception_context)
c:/program files (x86)/microchip/mplab c32 suite/bin/../lib/gcc/pic32mx/4.5.1/../../../../pic32mx/lib\libc.a(default-general-exception-handler.o)
                              c:/program files (x86)/microchip/mplab c32 suite/bin/../lib/gcc/pic32mx/4.5.1/../../../../pic32mx/lib\libc.a(general-exception.o) (_general_exception_handler)
c:/program files (x86)/microchip/mplab c32 suite/bin/../lib/gcc/pic32mx/4.5.1/../../../../pic32mx/lib\libc.a(default-bootstrap-exception-handler.o)
                              c:/program files (x86)/microchip/mplab c32 suite/bin/../lib/gcc/pic32mx/4.5.1/../../../../pic32mx/lib/crt0.o (_bootstrap_exception_handler)
c:/program files (x86)/microchip/mplab c32 suite/bin/../lib/gcc/pic32mx/4.5.1/../../../../pic32mx/lib\libc.a(default-on-reset.o)
                              c:/program files (x86)/microchip/mplab c32 suite/bin/../lib/gcc/pic32mx/4.5.1/../../../../pic32mx/lib/crt0.o (_on_reset)
c:/program files (x86)/microchip/mplab c32 suite/bin/../lib/gcc/pic32mx/4.5.1/../../../../pic32mx/lib\libc.a(default-on-bootstrap.o)
                              c:/program files (x86)/microchip/mplab c32 suite/bin/../lib/gcc/pic32mx/4.5.1/../../../../pic32mx/lib/crt0.o (_on_bootstrap)
c:/program files (x86)/microchip/mplab c32 suite/bin/../lib/gcc/pic32mx/4.5.1/../../../../pic32mx/lib\libc.a(default-nmi-handler.o)
                              c:/program files (x86)/microchip/mplab c32 suite/bin/../lib/gcc/pic32mx/4.5.1/../../../../pic32mx/lib/crt0.o (_nmi_handler)
c:/program files (x86)/microchip/mplab c32 suite/bin/../lib/gcc/pic32mx/4.5.1/../../../../pic32mx/lib\libmchp_peripheral_32MX230F064B.a(int_configure_system_lib.o)
                              Objects\PIC32MX460F512L\uSensor_API_UART.o (INTConfigureSystem)
c:/program files (x86)/microchip/mplab c32 suite/bin/../lib/gcc/pic32mx/4.5.1/../../../../pic32mx/lib\libmchp_peripheral_32MX230F064B.a(int_enable_interrupts_lib.o)
                              Objects\PIC32MX460F512L\usb_device.o (INTEnableInterrupts)
c:/program files (x86)/microchip/mplab c32 suite/bin/../lib/gcc/pic32mx/4.5.1/../../../../pic32mx/lib\libmchp_peripheral_32MX230F064B.a(int_disable_interrupts_lib.o)
                              Objects\PIC32MX460F512L\uSensor_API_Common.o (INTDisableInterrupts)
c:/program files (x86)/microchip/mplab c32 suite/bin/../lib/gcc/pic32mx/4.5.1/../../../../pic32mx/lib\libmchp_peripheral_32MX230F064B.a(int_restore_interrupts_lib.o)
                              Objects\PIC32MX460F512L\uSensor_API_Common.o (INTRestoreInterrupts)
c:/program files (x86)/microchip/mplab c32 suite/bin/../lib/gcc/pic32mx/4.5.1/../../../../pic32mx/lib\libmchp_peripheral_32MX230F064B.a(int_enable_mv_int_lib.o)
                              Objects\PIC32MX460F512L\usb_device.o (INTEnableSystemMultiVectoredInt)
c:/program files (x86)/microchip/mplab c32 suite/bin/../lib/gcc/pic32mx/4.5.1/../../../../pic32mx/lib\libmchp_peripheral_32MX230F064B.a(int_tbl_lib.o)
                              Objects\PIC32MX460F512L\usb_device.o (INTClearFlag)
c:/program files (x86)/microchip/mplab c32 suite/bin/../lib/gcc/pic32mx/4.5.1/../../../../pic32mx/lib\libmchp_peripheral_32MX230F064B.a(uart_lib.o)
                              Objects\PIC32MX460F512L\uSensor_API_UART.o (UARTEnable)

Allocating common symbols
Common symbol       size              file

pDst                0x4               Objects\PIC32MX460F512L\usb_device.o
USB_In_Buffer       0x40              Objects\PIC32MX460F512L\main.o
control_signal_bitmap
                    0x4               Objects\PIC32MX460F512L\usb_function_cdc.o
USBDeferINDataStagePackets
                    0x4               Objects\PIC32MX460F512L\usb_device.o
BDT                 0x60              Objects\PIC32MX460F512L\usb_device.o
CtrlTrfData         0x8               Objects\PIC32MX460F512L\usb_device.o
USBDeferOUTDataStagePackets
                    0x4               Objects\PIC32MX460F512L\usb_device.o
USBDeviceState      0x4               Objects\PIC32MX460F512L\usb_device.o
controlTransferState
                    0x1               Objects\PIC32MX460F512L\usb_device.o
UART1_Rx_FIFO       0x12              Objects\PIC32MX460F512L\uSensor_API_UART.o
cdc_tx_len          0x1               Objects\PIC32MX460F512L\usb_function_cdc.o
endpoint_number     0x1               Objects\PIC32MX460F512L\usb_device.o
pCDCSrc             0x4               Objects\PIC32MX460F512L\usb_function_cdc.o
[...]
Memory Configuration

Name             Origin             Length             Attributes
kseg0_program_mem 0x9d000000         0x0000f000         xr
exception_mem    0x9d00f000         0x00001000
debug_exec_mem   0x9fc00490         0x00000760
kseg0_boot_mem   0x9fc00490         0x00000000
kseg1_boot_mem   0xbfc00000         0x00000490
config3          0xbfc00bf0         0x00000004
config2          0xbfc00bf4         0x00000004
config1          0xbfc00bf8         0x00000004
config0          0xbfc00bfc         0x00000004
kseg1_data_mem   0xa0000000         0x00004000         w !x
sfrs             0xbf800000         0x00100000
configsfrs       0xbfc00bf0         0x00000010
*default*        0x00000000         0xffffffff

Linker script and memory map

LOAD c:/program files (x86)/microchip/mplab c32 suite/bin/../lib/gcc/pic32mx/4.5.1/../../../../pic32mx/lib/crt0.o
                0x00000001                _DEBUGGER = 0x1
LOAD Objects\PIC32MX460F512L\main.o
LOAD Objects\PIC32MX460F512L\usb_device.o
LOAD Objects\PIC32MX460F512L\usb_function_cdc.o
LOAD Objects\PIC32MX460F512L\uSensor_API_Common.o
LOAD Objects\PIC32MX460F512L\uSensor_API_UART.o
LOAD Objects\PIC32MX460F512L\uSensor_Containers.o
LOAD Objects\PIC32MX460F512L\usb_descriptors.o
LOAD Objects\PIC32MX460F512L\USB_Functions.o
LOAD Objects\PIC32MX460F512L\uSensor_API_USB_UART.o
                0x00000001                __MPLAB_BUILD = 0x1
                0x00000001                __MPLAB_DEBUG = 0x1
                0x00000001                __MPLAB_DEBUGGER_PK3 = 0x1
                0x00000001                __ICD2RAM = 0x1
LOAD c:/program files (x86)/microchip/mplab c32 suite/bin/../lib/gcc/pic32mx/4.5.1\libgcc.a
START GROUP
LOAD c:/program files (x86)/microchip/mplab c32 suite/bin/../lib/gcc/pic32mx/4.5.1/../../../../pic32mx/lib\libdebug.a
LOAD c:/program files (x86)/microchip/mplab c32 suite/bin/../lib/gcc/pic32mx/4.5.1/../../../../pic32mx/lib\libc.a
LOAD c:/program files (x86)/microchip/mplab c32 suite/bin/../lib/gcc/pic32mx/4.5.1/../../../../pic32mx/lib\libm.a
LOAD c:/program files (x86)/microchip/mplab c32 suite/bin/../lib/gcc/pic32mx/4.5.1/../../../../pic32mx/lib\libe.a
LOAD c:/program files (x86)/microchip/mplab c32 suite/bin/../lib/gcc/pic32mx/4.5.1/../../../../pic32mx/lib\libdsp.a
LOAD c:/program files (x86)/microchip/mplab c32 suite/bin/../lib/gcc/pic32mx/4.5.1/../../../../pic32mx/lib\libmchp_peripheral.a
LOAD c:/program files (x86)/microchip/mplab c32 suite/bin/../lib/gcc/pic32mx/4.5.1/../../../../pic32mx/lib\libmchp_peripheral_32MX230F064B.a
END GROUP
LOAD c:/program files (x86)/microchip/mplab c32 suite/bin/../lib/gcc/pic32mx/4.5.1\libgcc.a
                0x00000400                PROVIDE (_min_stack_size, 0x400)
                0x00000000                PROVIDE (_min_heap_size, 0x0)
LOAD c:/program files (x86)/microchip/mplab c32 suite/bin/../lib/gcc/pic32mx/4.5.1/../../../../pic32mx/lib/./proc/32MX230F064B\processor.o
                0x00000001                PROVIDE (_vector_spacing, 0x1)
                0x9d00f000                _ebase_address = 0x9d00f000
                0xbfc00000                _RESET_ADDR = 0xbfc00000
                0xbfc00380                _BEV_EXCPT_ADDR = 0xbfc00380
                0xbfc00480                _DBG_EXCPT_ADDR = 0xbfc00480
                0x9fc00490                _DBG_CODE_ADDR = 0x9fc00490
                0x00000760                _DBG_CODE_SIZE = 0x760
                0x9d00f180                _GEN_EXCPT_ADDR = (_ebase_address + 0x180)

.config_BFC00BF0
                0xbfc00bf0        0x4
 *(.config_BFC00BF0)
 .config_BFC00BF0
                0xbfc00bf0        0x4 Objects\PIC32MX460F512L\main.o

.config_BFC00BF4
                0xbfc00bf4        0x4
 *(.config_BFC00BF4)
 .config_BFC00BF4
                0xbfc00bf4        0x4 Objects\PIC32MX460F512L\main.o

.config_BFC00BF8
                0xbfc00bf8        0x4
 *(.config_BFC00BF8)
 .config_BFC00BF8
                0xbfc00bf8        0x4 Objects\PIC32MX460F512L\main.o

.config_BFC00BFC
                0xbfc00bfc        0x4
 *(.config_BFC00BFC)
 .config_BFC00BFC
                0xbfc00bfc        0x4 Objects\PIC32MX460F512L\main.o
                0xbfc02000                PROVIDE (_DBG_CODE_ADDR, 0xbfc02000)
                0x00000ff0                PROVIDE (_DBG_CODE_SIZE, 0xff0)

.reset          0xbfc00000      0x1f4
 *(.reset)
 .reset         0xbfc00000       0x10 c:/program files (x86)/microchip/mplab c32 suite/bin/../lib/gcc/pic32mx/4.5.1/../../../../pic32mx/lib/crt0.o
                0xbfc00000                _reset
 *(.reset.startup)
 .reset.startup
                0xbfc00010      0x1e4 c:/program files (x86)/microchip/mplab c32 suite/bin/../lib/gcc/pic32mx/4.5.1/../../../../pic32mx/lib/crt0.o

.bev_excpt      0xbfc00380       0x10
 *(.bev_handler)
 .bev_handler   0xbfc00380       0x10 c:/program files (x86)/microchip/mplab c32 suite/bin/../lib/gcc/pic32mx/4.5.1/../../../../pic32mx/lib/crt0.o

.dbg_excpt      0xbfc00480        0x8
                0xbfc00480                . = (. + DEFINED (_DEBUGGER)?0x8:0x0)
 *fill*         0xbfc00480        0x8 00

.dbg_code       0x9fc00490      0x760
                0x9fc00490                . = (. + DEFINED (_DEBUGGER)?_DBG_CODE_SIZE:0x0)
 *fill*         0x9fc00490      0x760 00

.app_excpt      0x9d00f180       0x10
 *(.gen_handler)
 .gen_handler   0x9d00f180       0x10 c:/program files (x86)/microchip/mplab c32 suite/bin/../lib/gcc/pic32mx/4.5.1/../../../../pic32mx/lib/crt0.o

.vector_0       0x9d00f200        0x0
 *(.vector_0)
                0x00000001                ASSERT (((_vector_spacing == 0x0) || (SIZEOF (.vector_0) <= (_vector_spacing << 0x5))), function at exception vector 0 too large)

.vector_1       0x9d00f220        0x0
 *(.vector_1)
                0x00000001                ASSERT (((_vector_spacing == 0x0) || (SIZEOF (.vector_1) <= (_vector_spacing << 0x5))), function at exception vector 1 too large)

.vector_2       0x9d00f240        0x0
 *(.vector_2)
                0x00000001                ASSERT (((_vector_spacing == 0x0) || (SIZEOF (.vector_2) <= (_vector_spacing << 0x5))), function at exception vector 2 too large)

.vector_3       0x9d00f260        0x0
 *(.vector_3)
                0x00000001                ASSERT (((_vector_spacing == 0x0) || (SIZEOF (.vector_3) <= (_vector_spacing << 0x5))), function at exception vector 3 too large)

.vector_4       0x9d00f280        0x0
 *(.vector_4)
                0x00000001                ASSERT (((_vector_spacing == 0x0) || (SIZEOF (.vector_4) <= (_vector_spacing << 0x5))), function at exception vector 4 too large)

.vector_5       0x9d00f2a0        0x0
 *(.vector_5)
                0x00000001                ASSERT (((_vector_spacing == 0x0) || (SIZEOF (.vector_5) <= (_vector_spacing << 0x5))), function at exception vector 5 too large)

.vector_6       0x9d00f2c0        0x0
 *(.vector_6)
                0x00000001                ASSERT (((_vector_spacing == 0x0) || (SIZEOF (.vector_6) <= (_vector_spacing << 0x5))), function at exception vector 6 too large)

.vector_7       0x9d00f2e0        0x0
 *(.vector_7)
                0x00000001                ASSERT (((_vector_spacing == 0x0) || (SIZEOF (.vector_7) <= (_vector_spacing << 0x5))), function at exception vector 7 too large)

.vector_8       0x9d00f300        0x0
 *(.vector_8)
                0x00000001                ASSERT (((_vector_spacing == 0x0) || (SIZEOF (.vector_8) <= (_vector_spacing << 0x5))), function at exception vector 8 too large)

.vector_9       0x9d00f320        0x0
 *(.vector_9)
                0x00000001                ASSERT (((_vector_spacing == 0x0) || (SIZEOF (.vector_9) <= (_vector_spacing << 0x5))), function at exception vector 9 too large)

.vector_10      0x9d00f340        0x0
 *(.vector_10)
                0x00000001                ASSERT (((_vector_spacing == 0x0) || (SIZEOF (.vector_10) <= (_vector_spacing << 0x5))), function at exception vector 10 too large)

.vector_11      0x9d00f360        0x0
 *(.vector_11)
                0x00000001                ASSERT (((_vector_spacing == 0x0) || (SIZEOF (.vector_11) <= (_vector_spacing << 0x5))), function at exception vector 11 too large)

.vector_12      0x9d00f380        0x0
 *(.vector_12)
                0x00000001                ASSERT (((_vector_spacing == 0x0) || (SIZEOF (.vector_12) <= (_vector_spacing << 0x5))), function at exception vector 12 too large)

.vector_13      0x9d00f3a0        0x0
 *(.vector_13)
                0x00000001                ASSERT (((_vector_spacing == 0x0) || (SIZEOF (.vector_13) <= (_vector_spacing << 0x5))), function at exception vector 13 too large)

.vector_14      0x9d00f3c0        0x0
 *(.vector_14)
                0x00000001                ASSERT (((_vector_spacing == 0x0) || (SIZEOF (.vector_14) <= (_vector_spacing << 0x5))), function at exception vector 14 too large)

.vector_15      0x9d00f3e0        0x0
 *(.vector_15)
                0x00000001                ASSERT (((_vector_spacing == 0x0) || (SIZEOF (.vector_15) <= (_vector_spacing << 0x5))), function at exception vector 15 too large)

.vector_16      0x9d00f400        0x0
 *(.vector_16)
                0x00000001                ASSERT (((_vector_spacing == 0x0) || (SIZEOF (.vector_16) <= (_vector_spacing << 0x5))), function at exception vector 16 too large)

.vector_17      0x9d00f420        0x0
 *(.vector_17)
                0x00000001                ASSERT (((_vector_spacing == 0x0) || (SIZEOF (.vector_17) <= (_vector_spacing << 0x5))), function at exception vector 17 too large)

.vector_18      0x9d00f440        0x0
 *(.vector_18)
                0x00000001                ASSERT (((_vector_spacing == 0x0) || (SIZEOF (.vector_18) <= (_vector_spacing << 0x5))), function at exception vector 18 too large)

.vector_19      0x9d00f460        0x0
 *(.vector_19)
                0x00000001                ASSERT (((_vector_spacing == 0x0) || (SIZEOF (.vector_19) <= (_vector_spacing << 0x5))), function at exception vector 19 too large)

.vector_20      0x9d00f480        0x0
 *(.vector_20)
                0x00000001                ASSERT (((_vector_spacing == 0x0) || (SIZEOF (.vector_20) <= (_vector_spacing << 0x5))), function at exception vector 20 too large)

.vector_21      0x9d00f4a0        0x0
 *(.vector_21)
                0x00000001                ASSERT (((_vector_spacing == 0x0) || (SIZEOF (.vector_21) <= (_vector_spacing << 0x5))), function at exception vector 21 too large)

.vector_22      0x9d00f4c0        0x0
 *(.vector_22)
                0x00000001                ASSERT (((_vector_spacing == 0x0) || (SIZEOF (.vector_22) <= (_vector_spacing << 0x5))), function at exception vector 22 too large)

.vector_23      0x9d00f4e0        0x0
 *(.vector_23)
                0x00000001                ASSERT (((_vector_spacing == 0x0) || (SIZEOF (.vector_23) <= (_vector_spacing << 0x5))), function at exception vector 23 too large)

.vector_24      0x9d00f500        0x0
 *(.vector_24)
                0x00000001                ASSERT (((_vector_spacing == 0x0) || (SIZEOF (.vector_24) <= (_vector_spacing << 0x5))), function at exception vector 24 too large)

.vector_25      0x9d00f520        0x0
 *(.vector_25)
                0x00000001                ASSERT (((_vector_spacing == 0x0) || (SIZEOF (.vector_25) <= (_vector_spacing << 0x5))), function at exception vector 25 too large)

.vector_26      0x9d00f540        0x0
 *(.vector_26)
                0x00000001                ASSERT (((_vector_spacing == 0x0) || (SIZEOF (.vector_26) <= (_vector_spacing << 0x5))), function at exception vector 26 too large)

.vector_27      0x9d00f560        0x0
 *(.vector_27)
                0x00000001                ASSERT (((_vector_spacing == 0x0) || (SIZEOF (.vector_27) <= (_vector_spacing << 0x5))), function at exception vector 27 too large)

.vector_28      0x9d00f580        0x0
 *(.vector_28)
                0x00000001                ASSERT (((_vector_spacing == 0x0) || (SIZEOF (.vector_28) <= (_vector_spacing << 0x5))), function at exception vector 28 too large)

.vector_29      0x9d00f5a0        0x0
 *(.vector_29)
                0x00000001                ASSERT (((_vector_spacing == 0x0) || (SIZEOF (.vector_29) <= (_vector_spacing << 0x5))), function at exception vector 29 too large)

.vector_30      0x9d00f5c0        0x8
 *(.vector_30)
 .vector_30     0x9d00f5c0        0x8 Objects\PIC32MX460F512L\usb_device.o
                0x00000001                ASSERT (((_vector_spacing == 0x0) || (SIZEOF (.vector_30) <= (_vector_spacing << 0x5))), function at exception vector 30 too large)

.vector_31      0x9d00f5e0        0x0
 *(.vector_31)
                0x00000001                ASSERT (((_vector_spacing == 0x0) || (SIZEOF (.vector_31) <= (_vector_spacing << 0x5))), function at exception vector 31 too large)

.vector_32      0x9d00f600        0x8
 *(.vector_32)
 .vector_32     0x9d00f600        0x8 Objects\PIC32MX460F512L\uSensor_API_UART.o
                0x00000001                ASSERT (((_vector_spacing == 0x0) || (SIZEOF (.vector_32) <= (_vector_spacing << 0x5))), function at exception vector 32 too large)

.vector_33      0x9d00f620        0x0
 *(.vector_33)
                0x00000001                ASSERT (((_vector_spacing == 0x0) || (SIZEOF (.vector_33) <= (_vector_spacing << 0x5))), function at exception vector 33 too large)

.vector_34      0x9d00f640        0x0
 *(.vector_34)
                0x00000001                ASSERT (((_vector_spacing == 0x0) || (SIZEOF (.vector_34) <= (_vector_spacing << 0x5))), function at exception vector 34 too large)

.vector_35      0x9d00f660        0x0
 *(.vector_35)
                0x00000001                ASSERT (((_vector_spacing == 0x0) || (SIZEOF (.vector_35) <= (_vector_spacing << 0x5))), function at exception vector 35 too large)

.vector_36      0x9d00f680        0x0
 *(.vector_36)
                0x00000001                ASSERT (((_vector_spacing == 0x0) || (SIZEOF (.vector_36) <= (_vector_spacing << 0x5))), function at exception vector 36 too large)

.vector_37      0x9d00f6a0        0x8
 *(.vector_37)
 .vector_37     0x9d00f6a0        0x8 Objects\PIC32MX460F512L\uSensor_API_UART.o
                0x00000001                ASSERT (((_vector_spacing == 0x0) || (SIZEOF (.vector_37) <= (_vector_spacing << 0x5))), function at exception vector 37 too large)

.vector_38      0x9d00f6c0        0x0
 *(.vector_38)
                0x00000001                ASSERT (((_vector_spacing == 0x0) || (SIZEOF (.vector_38) <= (_vector_spacing << 0x5))), function at exception vector 38 too large)

.vector_39      0x9d00f6e0        0x0
 *(.vector_39)
                0x00000001                ASSERT (((_vector_spacing == 0x0) || (SIZEOF (.vector_39) <= (_vector_spacing << 0x5))), function at exception vector 39 too large)

.vector_40      0x9d00f700        0x0
 *(.vector_40)
                0x00000001                ASSERT (((_vector_spacing == 0x0) || (SIZEOF (.vector_40) <= (_vector_spacing << 0x5))), function at exception vector 40 too large)

.vector_41      0x9d00f720        0x0
 *(.vector_41)
                0x00000001                ASSERT (((_vector_spacing == 0x0) || (SIZEOF (.vector_41) <= (_vector_spacing << 0x5))), function at exception vector 41 too large)

.vector_42      0x9d00f740        0x0
 *(.vector_42)
                0x00000001                ASSERT (((_vector_spacing == 0x0) || (SIZEOF (.vector_42) <= (_vector_spacing << 0x5))), function at exception vector 42 too large)

.vector_43      0x9d00f760        0x0
 *(.vector_43)
                0x00000001                ASSERT (((_vector_spacing == 0x0) || (SIZEOF (.vector_43) <= (_vector_spacing << 0x5))), function at exception vector 43 too large)

.vector_44      0x9d00f780        0x0
 *(.vector_44)
                0x00000001                ASSERT (((_vector_spacing == 0x0) || (SIZEOF (.vector_44) <= (_vector_spacing << 0x5))), function at exception vector 44 too large)

.vector_45      0x9d00f7a0        0x0
 *(.vector_45)
                0x00000001                ASSERT (((_vector_spacing == 0x0) || (SIZEOF (.vector_45) <= (_vector_spacing << 0x5))), function at exception vector 45 too large)

.vector_46      0x9d00f7c0        0x0
 *(.vector_46)
                0x00000001                ASSERT (((_vector_spacing == 0x0) || (SIZEOF (.vector_46) <= (_vector_spacing << 0x5))), function at exception vector 46 too large)

.vector_47      0x9d00f7e0        0x0
 *(.vector_47)
                0x00000001                ASSERT (((_vector_spacing == 0x0) || (SIZEOF (.vector_47) <= (_vector_spacing << 0x5))), function at exception vector 47 too large)

.vector_48      0x9d00f800        0x0
 *(.vector_48)
                0x00000001                ASSERT (((_vector_spacing == 0x0) || (SIZEOF (.vector_48) <= (_vector_spacing << 0x5))), function at exception vector 48 too large)

.vector_49      0x9d00f820        0x0
 *(.vector_49)
                0x00000001                ASSERT (((_vector_spacing == 0x0) || (SIZEOF (.vector_49) <= (_vector_spacing << 0x5))), function at exception vector 49 too large)

.vector_50      0x9d00f840        0x0
 *(.vector_50)
                0x00000001                ASSERT (((_vector_spacing == 0x0) || (SIZEOF (.vector_50) <= (_vector_spacing << 0x5))), function at exception vector 50 too large)

.vector_51      0x9d00f860        0x0
 *(.vector_51)
                0x00000001                ASSERT (((_vector_spacing == 0x0) || (SIZEOF (.vector_51) <= (_vector_spacing << 0x5))), function at exception vector 51 too large)

.vector_52      0x9d00f880        0x0
 *(.vector_52)
                0x00000001                ASSERT (((_vector_spacing == 0x0) || (SIZEOF (.vector_52) <= (_vector_spacing << 0x5))), function at exception vector 52 too large)

.vector_53      0x9d00f8a0        0x0
 *(.vector_53)
                0x00000001                ASSERT (((_vector_spacing == 0x0) || (SIZEOF (.vector_53) <= (_vector_spacing << 0x5))), function at exception vector 53 too large)

.vector_54      0x9d00f8c0        0x0
 *(.vector_54)
                0x00000001                ASSERT (((_vector_spacing == 0x0) || (SIZEOF (.vector_54) <= (_vector_spacing << 0x5))), function at exception vector 54 too large)

.vector_55      0x9d00f8e0        0x0
 *(.vector_55)
                0x00000001                ASSERT (((_vector_spacing == 0x0) || (SIZEOF (.vector_55) <= (_vector_spacing << 0x5))), function at exception vector 55 too large)

.vector_56      0x9d00f900        0x0
 *(.vector_56)
                0x00000001                ASSERT (((_vector_spacing == 0x0) || (SIZEOF (.vector_56) <= (_vector_spacing << 0x5))), function at exception vector 56 too large)

.vector_57      0x9d00f920        0x0
 *(.vector_57)
                0x00000001                ASSERT (((_vector_spacing == 0x0) || (SIZEOF (.vector_57) <= (_vector_spacing << 0x5))), function at exception vector 57 too large)

.vector_58      0x9d00f940        0x0
 *(.vector_58)
                0x00000001                ASSERT (((_vector_spacing == 0x0) || (SIZEOF (.vector_58) <= (_vector_spacing << 0x5))), function at exception vector 58 too large)

.vector_59      0x9d00f960        0x0
 *(.vector_59)
                0x00000001                ASSERT (((_vector_spacing == 0x0) || (SIZEOF (.vector_59) <= (_vector_spacing << 0x5))), function at exception vector 59 too large)

.vector_60      0x9d00f980        0x0
 *(.vector_60)
                0x00000001                ASSERT (((_vector_spacing == 0x0) || (SIZEOF (.vector_60) <= (_vector_spacing << 0x5))), function at exception vector 60 too large)

.vector_61      0x9d00f9a0        0x0
 *(.vector_61)
                0x00000001                ASSERT (((_vector_spacing == 0x0) || (SIZEOF (.vector_61) <= (_vector_spacing << 0x5))), function at exception vector 61 too large)

.vector_62      0x9d00f9c0        0x0
 *(.vector_62)
                0x00000001                ASSERT (((_vector_spacing == 0x0) || (SIZEOF (.vector_62) <= (_vector_spacing << 0x5))), function at exception vector 62 too large)

.vector_63      0x9d00f9e0        0x0
 *(.vector_63)
                0x00000001                ASSERT (((_vector_spacing == 0x0) || (SIZEOF (.vector_63) <= (_vector_spacing << 0x5))), function at exception vector 63 too large)

.startup
 *(.startup)

.text
 *(.stub .gnu.linkonce.t.*)
 *(.text.*personality*)
 *(.mips16.fn.*)
 *(.mips16.call.*)
 *(.gnu.warning)

.rodata         0x9d000000        0x0
 *(.rodata.* .gnu.linkonce.r.*)
 *(.rodata1)
                0x9d000000                . = ALIGN (0x4)

.sdata2         0x9fc00490        0x0
 *(.sdata2 .sdata2.* .gnu.linkonce.s2.*)
                0x9fc00490                . = ALIGN (0x4)

.sbss2          0x9fc00490        0x0
 *(.sbss2 .sbss2.* .gnu.linkonce.sb2.*)
                0x9fc00490                . = ALIGN (0x4)

.eh_frame_hdr
 *(.eh_frame_hdr)

.eh_frame
 *(.eh_frame)

.dbg_data       0xa0000000      0x200
                0xa0000000                . = (. + DEFINED (_DEBUGGER)?0x200:0x0)
 *fill*         0xa0000000      0x200 00

.persist        0xa0000200        0x0
                0xa0000200                _persist_begin = .
 *(.persist .persist.*)
                0xa0000200                . = ALIGN (0x4)
                0xa0000200                _persist_end = .

.eh_frame
 *(.eh_frame)
                0xa0000200                . = .
                0xa00081f0                _gp = (ALIGN (0x10) + 0x7ff0)

.got
 *(.got.plt)
 *(.got)

.sdata          0xa0000200        0x0
                0xa0000200                _sdata_begin = .
 *(.sdata .sdata.* .gnu.linkonce.s.*)
                0xa0000200                _sdata_end = .

.lit8
 *(.lit8)

.lit4
 *(.lit4)
                0xa0000200                . = ALIGN (0x4)
                0xa0000200                _data_end = .
                0xa0000200                _bss_begin = .

.sbss           0xa0000200       0xa8
                0xa0000200                _sbss_begin = .
 *(.dynsbss)
 *(.sbss .sbss.* .gnu.linkonce.sb.*)
 .sbss          0xa0000200        0x8 Objects\PIC32MX460F512L\main.o
                0xa0000200                bytesIn
                0xa0000204                totalBytes
 .sbss          0xa0000208        0x2 Objects\PIC32MX460F512L\USB_Functions.o
 *(.scommon)
 *fill*         0xa000020a        0x2 00
 .scommon       0xa000020c        0x4 Objects\PIC32MX460F512L\main.o
                0xa000020c                i
 .scommon       0xa0000210       0x5c Objects\PIC32MX460F512L\usb_device.o
                0xa0000210                pDst
                0xa0000214                USBDeferINDataStagePackets
                0xa0000218                CtrlTrfData
                0xa0000220                USBDeferOUTDataStagePackets
                0xa0000224                USBDeviceState
                0xa0000228                controlTransferState
                0xa0000229                endpoint_number
                0xa000022c                ep_data_out
                0xa0000230                USBStatusStageEnabledFlag1
                0xa0000234                USBStatusStageEnabledFlag2
                0xa0000238                BothEP0OutUOWNsSet
                0xa000023c                pBDTEntryEP0OutNext
                0xa0000240                USBBusIsSuspended
                0xa0000244                USBStatusStageTimeoutCounter
                0xa0000248                SetupPkt
                0xa0000250                ep_data_in
                0xa0000253                shortPacketStatus
                0xa0000254                pBDTEntryEP0OutCurrent
                0xa0000258                USBActiveConfiguration
                0xa000025c                RemoteWakeup
                0xa0000260                USTATcopy
                0xa0000264                USBAlternateInterface
                0xa0000268                USBDeferStatusStagePacket
 .scommon       0xa000026c       0x38 Objects\PIC32MX460F512L\usb_function_cdc.o
                0xa000026c                control_signal_bitmap
                0xa0000270                cdc_tx_len
                0xa0000274                pCDCSrc
                0xa0000278                CDCDataOutHandle
                0xa000027c                cdc_rx_len
                0xa0000280                line_coding
                0xa0000288                BaudRateGen
                0xa000028c                CDCDataInHandle
                0xa0000290                cdc_trf_state
                0xa0000294                pCDCDst
                0xa0000298                cdc_mem_type
                0xa000029c                dummy_encapsulated_cmd_response
 .scommon       0xa00002a4        0x4 Objects\PIC32MX460F512L\uSensor_API_UART.o
                0xa00002a4                uSensor_UART_Iterator
                0xa00002a8                _sbss_end = .

.bss            0xa0000400      0x370
 *(.dynbss)
 *(COMMON)
 COMMON         0xa0000400       0x80 Objects\PIC32MX460F512L\main.o
                0xa0000400                USB_In_Buffer
                0xa0000440                USB_Out_Buffer
 *fill*         0xa0000480      0x180 00
 COMMON         0xa0000600       0x93 Objects\PIC32MX460F512L\usb_device.o
                0xa0000600                BDT
                0xa0000660                inPipes
                0xa0000670                pBDTEntryIn
                0xa000067c                pBDTEntryOut
                0xa0000688                outPipes
 *fill*         0xa0000693        0x1 00
 COMMON         0xa0000694       0x8a Objects\PIC32MX460F512L\usb_function_cdc.o
                0xa0000694                cdc_data_tx
                0xa00006d4                cdc_data_rx
                0xa0000714                cdc_notice
 *fill*         0xa000071e        0x2 00
 COMMON         0xa0000720       0x4e Objects\PIC32MX460F512L\uSensor_API_UART.o
                0xa0000720                UART1_Rx_FIFO
                0xa0000734                UART1_Tx_FIFO
                0xa0000748                UART2_Rx_FIFO
                0xa000075c                UART2_Tx_FIFO
                0xa0000770                . = ALIGN (0x4)
 *fill*         0xa000076e        0x2 00
                0xa0000770                . = ALIGN (0x4)
                0xa0000770                _end = .
                0xa0000770                _bss_end = .
                0x00004000                _bmxdudba_address = 0x4000
                0x00004000                _bmxdupba_address = 0x4000

/DISCARD/
 *(.pdr)
 *(.reginfo)
 *(.rel.dyn)
 *(.note.GNU-stack)
 *(.note.GNU-stack)
 *(.gnu_debuglink)
 *(.gnu.lto_*)
 *(.discard)

.stab
 *(.stab)

.stabstr
 *(.stabstr)

.stab.excl
 *(.stab.excl)

.stab.exclstr
 *(.stab.exclstr)

.stab.index
 *(.stab.index)

.stab.indexstr
 *(.stab.indexstr)

.comment        0x00000000       0xf7
 *(.comment)
 .comment       0x00000000       0x51 Objects\PIC32MX460F512L\main.o
                                 0x52 (size before relaxing)
 .comment       0x00000000       0x52 Objects\PIC32MX460F512L\usb_device.o
 .comment       0x00000000       0x52 Objects\PIC32MX460F512L\usb_function_cdc.o
 .comment       0x00000000       0x52 Objects\PIC32MX460F512L\uSensor_API_Common.o
 .comment       0x00000000       0x52 Objects\PIC32MX460F512L\uSensor_API_UART.o
 .comment       0x00000000       0x52 Objects\PIC32MX460F512L\uSensor_Containers.o
 .comment       0x00000000       0x52 Objects\PIC32MX460F512L\usb_descriptors.o
 .comment       0x00000000       0x52 Objects\PIC32MX460F512L\USB_Functions.o
 .comment       0x00000000       0x52 Objects\PIC32MX460F512L\uSensor_API_USB_UART.o
 .comment       0x00000051       0x55 c:/program files (x86)/microchip/mplab c32 suite/bin/../lib/gcc/pic32mx/4.5.1/../../../../pic32mx/lib\libc.a(memset.o)
                                 0x56 (size before relaxing)
 .comment       0x00000000       0x52 c:/program files (x86)/microchip/mplab c32 suite/bin/../lib/gcc/pic32mx/4.5.1/../../../../pic32mx/lib\libc.a(default-general-exception-handler.o)
 .comment       0x00000000       0x52 c:/program files (x86)/microchip/mplab c32 suite/bin/../lib/gcc/pic32mx/4.5.1/../../../../pic32mx/lib\libc.a(default-bootstrap-exception-handler.o)
 .comment       0x00000000       0x52 c:/program files (x86)/microchip/mplab c32 suite/bin/../lib/gcc/pic32mx/4.5.1/../../../../pic32mx/lib\libc.a(default-on-reset.o)
 .comment       0x00000000       0x52 c:/program files (x86)/microchip/mplab c32 suite/bin/../lib/gcc/pic32mx/4.5.1/../../../../pic32mx/lib\libc.a(default-on-bootstrap.o)
 .comment       0x000000a6       0x51 c:/program files (x86)/microchip/mplab c32 suite/bin/../lib/gcc/pic32mx/4.5.1/../../../../pic32mx/lib\libmchp_peripheral_32MX230F064B.a(int_configure_system_lib.o)
                                 0x52 (size before relaxing)
 .comment       0x00000000       0x52 c:/program files (x86)/microchip/mplab c32 suite/bin/../lib/gcc/pic32mx/4.5.1/../../../../pic32mx/lib\libmchp_peripheral_32MX230F064B.a(int_enable_interrupts_lib.o)
 .comment       0x00000000       0x52 c:/program files (x86)/microchip/mplab c32 suite/bin/../lib/gcc/pic32mx/4.5.1/../../../../pic32mx/lib\libmchp_peripheral_32MX230F064B.a(int_disable_interrupts_lib.o)
 .comment       0x00000000       0x52 c:/program files (x86)/microchip/mplab c32 suite/bin/../lib/gcc/pic32mx/4.5.1/../../../../pic32mx/lib\libmchp_peripheral_32MX230F064B.a(int_restore_interrupts_lib.o)
 .comment       0x00000000       0x52 c:/program files (x86)/microchip/mplab c32 suite/bin/../lib/gcc/pic32mx/4.5.1/../../../../pic32mx/lib\libmchp_peripheral_32MX230F064B.a(int_enable_mv_int_lib.o)
 .comment       0x00000000       0x52 c:/program files (x86)/microchip/mplab c32 suite/bin/../lib/gcc/pic32mx/4.5.1/../../../../pic32mx/lib\libmchp_peripheral_32MX230F064B.a(int_tbl_lib.o)
 .comment       0x00000000       0x52 c:/program files (x86)/microchip/mplab c32 suite/bin/../lib/gcc/pic32mx/4.5.1/../../../../pic32mx/lib\libmchp_peripheral_32MX230F064B.a(uart_lib.o)

.debug
 *(.debug)

.line
 *(.line)

.debug_srcinfo
 *(.debug_srcinfo)

.debug_sfnames
 *(.debug_sfnames)

.debug_aranges  0x00000000      0x2d8
 *(.debug_aranges)
 .debug_aranges
                0x00000000       0x20 Objects\PIC32MX460F512L\main.o
 .debug_aranges
                0x00000020       0x20 Objects\PIC32MX460F512L\usb_device.o
 .debug_aranges
                0x00000040       0x20 Objects\PIC32MX460F512L\usb_function_cdc.o
 .debug_aranges
                0x00000060       0x20 Objects\PIC32MX460F512L\uSensor_API_Common.o
 .debug_aranges
                0x00000080       0x20 Objects\PIC32MX460F512L\uSensor_API_UART.o
 .debug_aranges
                0x000000a0       0x20 Objects\PIC32MX460F512L\uSensor_Containers.o
 .debug_aranges
                0x000000c0       0x20 Objects\PIC32MX460F512L\USB_Functions.o
 .debug_aranges
                0x000000e0       0x20 Objects\PIC32MX460F512L\uSensor_API_USB_UART.o
 .debug_aranges
                0x00000100       0x20 c:/program files (x86)/microchip/mplab c32 suite/bin/../lib/gcc/pic32mx/4.5.1/../../../../pic32mx/lib\libc.a(default-general-exception-handler.o)
 .debug_aranges
                0x00000120       0x20 c:/program files (x86)/microchip/mplab c32 suite/bin/../lib/gcc/pic32mx/4.5.1/../../../../pic32mx/lib\libc.a(default-bootstrap-exception-handler.o)
 .debug_aranges
                0x00000140       0x20 c:/program files (x86)/microchip/mplab c32 suite/bin/../lib/gcc/pic32mx/4.5.1/../../../../pic32mx/lib\libc.a(default-on-reset.o)
 .debug_aranges
                0x00000160       0x20 c:/program files (x86)/microchip/mplab c32 suite/bin/../lib/gcc/pic32mx/4.5.1/../../../../pic32mx/lib\libc.a(default-on-bootstrap.o)
 .debug_aranges
                0x00000180       0x20 c:/program files (x86)/microchip/mplab c32 suite/bin/../lib/gcc/pic32mx/4.5.1/../../../../pic32mx/lib\libmchp_peripheral_32MX230F064B.a(int_configure_system_lib.o)
 .debug_aranges
                0x000001a0       0x20 c:/program files (x86)/microchip/mplab c32 suite/bin/../lib/gcc/pic32mx/4.5.1/../../../../pic32mx/lib\libmchp_peripheral_32MX230F064B.a(int_enable_interrupts_lib.o)
 .debug_aranges
                0x000001c0       0x20 c:/program files (x86)/microchip/mplab c32 suite/bin/../lib/gcc/pic32mx/4.5.1/../../../../pic32mx/lib\libmchp_peripheral_32MX230F064B.a(int_disable_interrupts_lib.o)
 .debug_aranges
                0x000001e0       0x20 c:/program files (x86)/microchip/mplab c32 suite/bin/../lib/gcc/pic32mx/4.5.1/../../../../pic32mx/lib\libmchp_peripheral_32MX230F064B.a(int_restore_interrupts_lib.o)
 .debug_aranges
                0x00000200       0x20 c:/program files (x86)/microchip/mplab c32 suite/bin/../lib/gcc/pic32mx/4.5.1/../../../../pic32mx/lib\libmchp_peripheral_32MX230F064B.a(int_enable_mv_int_lib.o)
 .debug_aranges
                0x00000220       0x60 c:/program files (x86)/microchip/mplab c32 suite/bin/../lib/gcc/pic32mx/4.5.1/../../../../pic32mx/lib\libmchp_peripheral_32MX230F064B.a(int_tbl_lib.o)
 .debug_aranges
                0x00000280       0x58 c:/program files (x86)/microchip/mplab c32 suite/bin/../lib/gcc/pic32mx/4.5.1/../../../../pic32mx/lib\libmchp_peripheral_32MX230F064B.a(uart_lib.o)

.debug_pubnames
                0x00000000      0xba8
 *(.debug_pubnames)
 .debug_pubnames
                0x00000000       0x61 Objects\PIC32MX460F512L\main.o
 .debug_pubnames
                0x00000061      0x33a Objects\PIC32MX460F512L\usb_device.o
 .debug_pubnames
                0x0000039b      0x1b2 Objects\PIC32MX460F512L\usb_function_cdc.o
 .debug_pubnames
                0x0000054d       0x2b Objects\PIC32MX460F512L\uSensor_API_Common.o
 .debug_pubnames
                0x00000578      0x131 Objects\PIC32MX460F512L\uSensor_API_UART.o
 .debug_pubnames
                0x000006a9       0x85 Objects\PIC32MX460F512L\uSensor_Containers.o
 .debug_pubnames
                0x0000072e       0x73 Objects\PIC32MX460F512L\usb_descriptors.o
 .debug_pubnames
                0x000007a1       0xe1 Objects\PIC32MX460F512L\USB_Functions.o
 .debug_pubnames
                0x00000882       0x24 Objects\PIC32MX460F512L\uSensor_API_USB_UART.o
 .debug_pubnames
                0x000008a6       0x31 c:/program files (x86)/microchip/mplab c32 suite/bin/../lib/gcc/pic32mx/4.5.1/../../../../pic32mx/lib\libc.a(default-general-exception-handler.o)
 .debug_pubnames
                0x000008d7       0x33 c:/program files (x86)/microchip/mplab c32 suite/bin/../lib/gcc/pic32mx/4.5.1/../../../../pic32mx/lib\libc.a(default-bootstrap-exception-handler.o)
 .debug_pubnames
                0x0000090a       0x20 c:/program files (x86)/microchip/mplab c32 suite/bin/../lib/gcc/pic32mx/4.5.1/../../../../pic32mx/lib\libc.a(default-on-reset.o)
 .debug_pubnames
                0x0000092a       0x24 c:/program files (x86)/microchip/mplab c32 suite/bin/../lib/gcc/pic32mx/4.5.1/../../../../pic32mx/lib\libc.a(default-on-bootstrap.o)
 .debug_pubnames
                0x0000094e       0x29 c:/program files (x86)/microchip/mplab c32 suite/bin/../lib/gcc/pic32mx/4.5.1/../../../../pic32mx/lib\libmchp_peripheral_32MX230F064B.a(int_configure_system_lib.o)
 .debug_pubnames
                0x00000977       0x2a c:/program files (x86)/microchip/mplab c32 suite/bin/../lib/gcc/pic32mx/4.5.1/../../../../pic32mx/lib\libmchp_peripheral_32MX230F064B.a(int_enable_interrupts_lib.o)
 .debug_pubnames
                0x000009a1       0x2b c:/program files (x86)/microchip/mplab c32 suite/bin/../lib/gcc/pic32mx/4.5.1/../../../../pic32mx/lib\libmchp_peripheral_32MX230F064B.a(int_disable_interrupts_lib.o)
 .debug_pubnames
                0x000009cc       0x2b c:/program files (x86)/microchip/mplab c32 suite/bin/../lib/gcc/pic32mx/4.5.1/../../../../pic32mx/lib\libmchp_peripheral_32MX230F064B.a(int_restore_interrupts_lib.o)
 .debug_pubnames
                0x000009f7       0x36 c:/program files (x86)/microchip/mplab c32 suite/bin/../lib/gcc/pic32mx/4.5.1/../../../../pic32mx/lib\libmchp_peripheral_32MX230F064B.a(int_enable_mv_int_lib.o)
 .debug_pubnames
                0x00000a2d       0xca c:/program files (x86)/microchip/mplab c32 suite/bin/../lib/gcc/pic32mx/4.5.1/../../../../pic32mx/lib\libmchp_peripheral_32MX230F064B.a(int_tbl_lib.o)
 .debug_pubnames
                0x00000af7       0xb1 c:/program files (x86)/microchip/mplab c32 suite/bin/../lib/gcc/pic32mx/4.5.1/../../../../pic32mx/lib\libmchp_peripheral_32MX230F064B.a(uart_lib.o)

.debug_info     0x00000000     0xfb5d
 *(.debug_info .gnu.linkonce.wi.*)
 .debug_info    0x00000000     0x1431 Objects\PIC32MX460F512L\main.o
 .debug_info    0x00001431     0x3aba Objects\PIC32MX460F512L\usb_device.o
 .debug_info    0x00004eeb     0x2a69 Objects\PIC32MX460F512L\usb_function_cdc.o
 .debug_info    0x00007954     0x14d7 Objects\PIC32MX460F512L\uSensor_API_Common.o
 .debug_info    0x00008e2b     0x207c Objects\PIC32MX460F512L\uSensor_API_UART.o
 .debug_info    0x0000aea7      0x292 Objects\PIC32MX460F512L\uSensor_Containers.o
 .debug_info    0x0000b139     0x1594 Objects\PIC32MX460F512L\usb_descriptors.o
 .debug_info    0x0000c6cd     0x1a48 Objects\PIC32MX460F512L\USB_Functions.o
 .debug_info    0x0000e115      0xf4c Objects\PIC32MX460F512L\uSensor_API_USB_UART.o
 .debug_info    0x0000f061      0x102 c:/program files (x86)/microchip/mplab c32 suite/bin/../lib/gcc/pic32mx/4.5.1/../../../../pic32mx/lib\libc.a(default-general-exception-handler.o)
 .debug_info    0x0000f163      0x106 c:/program files (x86)/microchip/mplab c32 suite/bin/../lib/gcc/pic32mx/4.5.1/../../../../pic32mx/lib\libc.a(default-bootstrap-exception-handler.o)
 .debug_info    0x0000f269       0xe0 c:/program files (x86)/microchip/mplab c32 suite/bin/../lib/gcc/pic32mx/4.5.1/../../../../pic32mx/lib\libc.a(default-on-reset.o)
 .debug_info    0x0000f349       0xe8 c:/program files (x86)/microchip/mplab c32 suite/bin/../lib/gcc/pic32mx/4.5.1/../../../../pic32mx/lib\libc.a(default-on-bootstrap.o)
 .debug_info    0x0000f431       0xc7 c:/program files (x86)/microchip/mplab c32 suite/bin/../lib/gcc/pic32mx/4.5.1/../../../../pic32mx/lib\libmchp_peripheral_32MX230F064B.a(int_configure_system_lib.o)
 .debug_info    0x0000f4f8       0xc9 c:/program files (x86)/microchip/mplab c32 suite/bin/../lib/gcc/pic32mx/4.5.1/../../../../pic32mx/lib\libmchp_peripheral_32MX230F064B.a(int_enable_interrupts_lib.o)
 .debug_info    0x0000f5c1       0xcb c:/program files (x86)/microchip/mplab c32 suite/bin/../lib/gcc/pic32mx/4.5.1/../../../../pic32mx/lib\libmchp_peripheral_32MX230F064B.a(int_disable_interrupts_lib.o)
 .debug_info    0x0000f68c       0xcb c:/program files (x86)/microchip/mplab c32 suite/bin/../lib/gcc/pic32mx/4.5.1/../../../../pic32mx/lib\libmchp_peripheral_32MX230F064B.a(int_restore_interrupts_lib.o)
 .debug_info    0x0000f757       0xd1 c:/program files (x86)/microchip/mplab c32 suite/bin/../lib/gcc/pic32mx/4.5.1/../../../../pic32mx/lib\libmchp_peripheral_32MX230F064B.a(int_enable_mv_int_lib.o)
 .debug_info    0x0000f828      0x1ab c:/program files (x86)/microchip/mplab c32 suite/bin/../lib/gcc/pic32mx/4.5.1/../../../../pic32mx/lib\libmchp_peripheral_32MX230F064B.a(int_tbl_lib.o)
 .debug_info    0x0000f9d3      0x18a c:/program files (x86)/microchip/mplab c32 suite/bin/../lib/gcc/pic32mx/4.5.1/../../../../pic32mx/lib\libmchp_peripheral_32MX230F064B.a(uart_lib.o)

.debug_abbrev   0x00000000     0x1442
 *(.debug_abbrev)
 .debug_abbrev  0x00000000      0x1be Objects\PIC32MX460F512L\main.o
 .debug_abbrev  0x000001be      0x2f5 Objects\PIC32MX460F512L\usb_device.o
 .debug_abbrev  0x000004b3      0x2b4 Objects\PIC32MX460F512L\usb_function_cdc.o
 .debug_abbrev  0x00000767      0x27d Objects\PIC32MX460F512L\uSensor_API_Common.o
 .debug_abbrev  0x000009e4      0x267 Objects\PIC32MX460F512L\uSensor_API_UART.o
 .debug_abbrev  0x00000c4b       0xba Objects\PIC32MX460F512L\uSensor_Containers.o
 .debug_abbrev  0x00000d05      0x1e5 Objects\PIC32MX460F512L\usb_descriptors.o
 .debug_abbrev  0x00000eea      0x222 Objects\PIC32MX460F512L\USB_Functions.o
 .debug_abbrev  0x0000110c      0x18c Objects\PIC32MX460F512L\uSensor_API_USB_UART.o
 .debug_abbrev  0x00001298       0x25 c:/program files (x86)/microchip/mplab c32 suite/bin/../lib/gcc/pic32mx/4.5.1/../../../../pic32mx/lib\libc.a(default-general-exception-handler.o)
 .debug_abbrev  0x000012bd       0x25 c:/program files (x86)/microchip/mplab c32 suite/bin/../lib/gcc/pic32mx/4.5.1/../../../../pic32mx/lib\libc.a(default-bootstrap-exception-handler.o)
 .debug_abbrev  0x000012e2       0x25 c:/program files (x86)/microchip/mplab c32 suite/bin/../lib/gcc/pic32mx/4.5.1/../../../../pic32mx/lib\libc.a(default-on-reset.o)
 .debug_abbrev  0x00001307       0x25 c:/program files (x86)/microchip/mplab c32 suite/bin/../lib/gcc/pic32mx/4.5.1/../../../../pic32mx/lib\libc.a(default-on-bootstrap.o)
 .debug_abbrev  0x0000132c       0x25 c:/program files (x86)/microchip/mplab c32 suite/bin/../lib/gcc/pic32mx/4.5.1/../../../../pic32mx/lib\libmchp_peripheral_32MX230F064B.a(int_configure_system_lib.o)
 .debug_abbrev  0x00001351       0x25 c:/program files (x86)/microchip/mplab c32 suite/bin/../lib/gcc/pic32mx/4.5.1/../../../../pic32mx/lib\libmchp_peripheral_32MX230F064B.a(int_enable_interrupts_lib.o)
 .debug_abbrev  0x00001376       0x25 c:/program files (x86)/microchip/mplab c32 suite/bin/../lib/gcc/pic32mx/4.5.1/../../../../pic32mx/lib\libmchp_peripheral_32MX230F064B.a(int_disable_interrupts_lib.o)
 .debug_abbrev  0x0000139b       0x25 c:/program files (x86)/microchip/mplab c32 suite/bin/../lib/gcc/pic32mx/4.5.1/../../../../pic32mx/lib\libmchp_peripheral_32MX230F064B.a(int_restore_interrupts_lib.o)
 .debug_abbrev  0x000013c0       0x25 c:/program files (x86)/microchip/mplab c32 suite/bin/../lib/gcc/pic32mx/4.5.1/../../../../pic32mx/lib\libmchp_peripheral_32MX230F064B.a(int_enable_mv_int_lib.o)
 .debug_abbrev  0x000013e5       0x25 c:/program files (x86)/microchip/mplab c32 suite/bin/../lib/gcc/pic32mx/4.5.1/../../../../pic32mx/lib\libmchp_peripheral_32MX230F064B.a(int_tbl_lib.o)
 .debug_abbrev  0x0000140a       0x38 c:/program files (x86)/microchip/mplab c32 suite/bin/../lib/gcc/pic32mx/4.5.1/../../../../pic32mx/lib\libmchp_peripheral_32MX230F064B.a(uart_lib.o)

.debug_line     0x00000000     0x1de3
 *(.debug_line)
 .debug_line    0x00000000      0x215 Objects\PIC32MX460F512L\main.o
 .debug_line    0x00000215      0x6e9 Objects\PIC32MX460F512L\usb_device.o
 .debug_line    0x000008fe      0x34f Objects\PIC32MX460F512L\usb_function_cdc.o
 .debug_line    0x00000c4d      0x238 Objects\PIC32MX460F512L\uSensor_API_Common.o
 .debug_line    0x00000e85      0x2bb Objects\PIC32MX460F512L\uSensor_API_UART.o
 .debug_line    0x00001140       0xa9 Objects\PIC32MX460F512L\uSensor_Containers.o
 .debug_line    0x000011e9      0x25d Objects\PIC32MX460F512L\usb_descriptors.o
 .debug_line    0x00001446      0x282 Objects\PIC32MX460F512L\USB_Functions.o
 .debug_line    0x000016c8      0x1aa Objects\PIC32MX460F512L\uSensor_API_USB_UART.o
 .debug_line    0x00001872       0xa4 c:/program files (x86)/microchip/mplab c32 suite/bin/../lib/gcc/pic32mx/4.5.1/../../../../pic32mx/lib\libc.a(default-general-exception-handler.o)
 .debug_line    0x00001916       0xa6 c:/program files (x86)/microchip/mplab c32 suite/bin/../lib/gcc/pic32mx/4.5.1/../../../../pic32mx/lib\libc.a(default-bootstrap-exception-handler.o)
 .debug_line    0x000019bc       0x93 c:/program files (x86)/microchip/mplab c32 suite/bin/../lib/gcc/pic32mx/4.5.1/../../../../pic32mx/lib\libc.a(default-on-reset.o)
 .debug_line    0x00001a4f       0x97 c:/program files (x86)/microchip/mplab c32 suite/bin/../lib/gcc/pic32mx/4.5.1/../../../../pic32mx/lib\libc.a(default-on-bootstrap.o)
 .debug_line    0x00001ae6       0x71 c:/program files (x86)/microchip/mplab c32 suite/bin/../lib/gcc/pic32mx/4.5.1/../../../../pic32mx/lib\libmchp_peripheral_32MX230F064B.a(int_configure_system_lib.o)
 .debug_line    0x00001b57       0x72 c:/program files (x86)/microchip/mplab c32 suite/bin/../lib/gcc/pic32mx/4.5.1/../../../../pic32mx/lib\libmchp_peripheral_32MX230F064B.a(int_enable_interrupts_lib.o)
 .debug_line    0x00001bc9       0x73 c:/program files (x86)/microchip/mplab c32 suite/bin/../lib/gcc/pic32mx/4.5.1/../../../../pic32mx/lib\libmchp_peripheral_32MX230F064B.a(int_disable_interrupts_lib.o)
 .debug_line    0x00001c3c       0x73 c:/program files (x86)/microchip/mplab c32 suite/bin/../lib/gcc/pic32mx/4.5.1/../../../../pic32mx/lib\libmchp_peripheral_32MX230F064B.a(int_restore_interrupts_lib.o)
 .debug_line    0x00001caf       0x6e c:/program files (x86)/microchip/mplab c32 suite/bin/../lib/gcc/pic32mx/4.5.1/../../../../pic32mx/lib\libmchp_peripheral_32MX230F064B.a(int_enable_mv_int_lib.o)
 .debug_line    0x00001d1d       0x64 c:/program files (x86)/microchip/mplab c32 suite/bin/../lib/gcc/pic32mx/4.5.1/../../../../pic32mx/lib\libmchp_peripheral_32MX230F064B.a(int_tbl_lib.o)
 .debug_line    0x00001d81       0x62 c:/program files (x86)/microchip/mplab c32 suite/bin/../lib/gcc/pic32mx/4.5.1/../../../../pic32mx/lib\libmchp_peripheral_32MX230F064B.a(uart_lib.o)

.debug_frame    0x00000000      0x9a0
 *(.debug_frame)
 .debug_frame   0x00000000       0x2c Objects\PIC32MX460F512L\main.o
 .debug_frame   0x0000002c      0x2e8 Objects\PIC32MX460F512L\usb_device.o
 .debug_frame   0x00000314       0xe0 Objects\PIC32MX460F512L\usb_function_cdc.o
 .debug_frame   0x000003f4       0x2c Objects\PIC32MX460F512L\uSensor_API_Common.o
 .debug_frame   0x00000420      0x178 Objects\PIC32MX460F512L\uSensor_API_UART.o
 .debug_frame   0x00000598       0x90 Objects\PIC32MX460F512L\uSensor_Containers.o
 .debug_frame   0x00000628       0xf8 Objects\PIC32MX460F512L\USB_Functions.o
 .debug_frame   0x00000720       0x28 Objects\PIC32MX460F512L\uSensor_API_USB_UART.o
 .debug_frame   0x00000748       0x20 c:/program files (x86)/microchip/mplab c32 suite/bin/../lib/gcc/pic32mx/4.5.1/../../../../pic32mx/lib\libc.a(default-general-exception-handler.o)
 .debug_frame   0x00000768       0x20 c:/program files (x86)/microchip/mplab c32 suite/bin/../lib/gcc/pic32mx/4.5.1/../../../../pic32mx/lib\libc.a(default-bootstrap-exception-handler.o)
 .debug_frame   0x00000788       0x20 c:/program files (x86)/microchip/mplab c32 suite/bin/../lib/gcc/pic32mx/4.5.1/../../../../pic32mx/lib\libc.a(default-on-reset.o)
 .debug_frame   0x000007a8       0x20 c:/program files (x86)/microchip/mplab c32 suite/bin/../lib/gcc/pic32mx/4.5.1/../../../../pic32mx/lib\libc.a(default-on-bootstrap.o)
 .debug_frame   0x000007c8       0x20 c:/program files (x86)/microchip/mplab c32 suite/bin/../lib/gcc/pic32mx/4.5.1/../../../../pic32mx/lib\libmchp_peripheral_32MX230F064B.a(int_configure_system_lib.o)
 .debug_frame   0x000007e8       0x20 c:/program files (x86)/microchip/mplab c32 suite/bin/../lib/gcc/pic32mx/4.5.1/../../../../pic32mx/lib\libmchp_peripheral_32MX230F064B.a(int_enable_interrupts_lib.o)
 .debug_frame   0x00000808       0x20 c:/program files (x86)/microchip/mplab c32 suite/bin/../lib/gcc/pic32mx/4.5.1/../../../../pic32mx/lib\libmchp_peripheral_32MX230F064B.a(int_disable_interrupts_lib.o)
 .debug_frame   0x00000828       0x20 c:/program files (x86)/microchip/mplab c32 suite/bin/../lib/gcc/pic32mx/4.5.1/../../../../pic32mx/lib\libmchp_peripheral_32MX230F064B.a(int_restore_interrupts_lib.o)
 .debug_frame   0x00000848       0x28 c:/program files (x86)/microchip/mplab c32 suite/bin/../lib/gcc/pic32mx/4.5.1/../../../../pic32mx/lib\libmchp_peripheral_32MX230F064B.a(int_enable_mv_int_lib.o)
 .debug_frame   0x00000870       0xa0 c:/program files (x86)/microchip/mplab c32 suite/bin/../lib/gcc/pic32mx/4.5.1/../../../../pic32mx/lib\libmchp_peripheral_32MX230F064B.a(int_tbl_lib.o)
 .debug_frame   0x00000910       0x90 c:/program files (x86)/microchip/mplab c32 suite/bin/../lib/gcc/pic32mx/4.5.1/../../../../pic32mx/lib\libmchp_peripheral_32MX230F064B.a(uart_lib.o)

.debug_str      0x00000000      0xb84
 *(.debug_str)
 .debug_str     0x00000000      0x119 Objects\PIC32MX460F512L\main.o
 .debug_str     0x00000119      0x36d Objects\PIC32MX460F512L\usb_device.o
 .debug_str     0x00000486      0x1c0 Objects\PIC32MX460F512L\usb_function_cdc.o
 .debug_str     0x00000646      0x101 Objects\PIC32MX460F512L\uSensor_API_Common.o
 .debug_str     0x00000747      0x130 Objects\PIC32MX460F512L\uSensor_API_UART.o
 .debug_str     0x00000877        0x0 Objects\PIC32MX460F512L\uSensor_Containers.o
 .debug_str     0x00000877      0x10c Objects\PIC32MX460F512L\usb_descriptors.o
 .debug_str     0x00000983      0x11f Objects\PIC32MX460F512L\USB_Functions.o
 .debug_str     0x00000aa2       0xe2 Objects\PIC32MX460F512L\uSensor_API_USB_UART.o
 .debug_str     0x00000b84        0x0 c:/program files (x86)/microchip/mplab c32 suite/bin/../lib/gcc/pic32mx/4.5.1/../../../../pic32mx/lib\libc.a(default-general-exception-handler.o)
 .debug_str     0x00000b84        0x0 c:/program files (x86)/microchip/mplab c32 suite/bin/../lib/gcc/pic32mx/4.5.1/../../../../pic32mx/lib\libc.a(default-bootstrap-exception-handler.o)
 .debug_str     0x00000b84        0x0 c:/program files (x86)/microchip/mplab c32 suite/bin/../lib/gcc/pic32mx/4.5.1/../../../../pic32mx/lib\libc.a(default-on-reset.o)
 .debug_str     0x00000b84        0x0 c:/program files (x86)/microchip/mplab c32 suite/bin/../lib/gcc/pic32mx/4.5.1/../../../../pic32mx/lib\libc.a(default-on-bootstrap.o)
 .debug_str     0x00000b84        0x0 c:/program files (x86)/microchip/mplab c32 suite/bin/../lib/gcc/pic32mx/4.5.1/../../../../pic32mx/lib\libmchp_peripheral_32MX230F064B.a(int_configure_system_lib.o)
 .debug_str     0x00000b84        0x0 c:/program files (x86)/microchip/mplab c32 suite/bin/../lib/gcc/pic32mx/4.5.1/../../../../pic32mx/lib\libmchp_peripheral_32MX230F064B.a(int_enable_interrupts_lib.o)
 .debug_str     0x00000b84        0x0 c:/program files (x86)/microchip/mplab c32 suite/bin/../lib/gcc/pic32mx/4.5.1/../../../../pic32mx/lib\libmchp_peripheral_32MX230F064B.a(int_disable_interrupts_lib.o)
 .debug_str     0x00000b84        0x0 c:/program files (x86)/microchip/mplab c32 suite/bin/../lib/gcc/pic32mx/4.5.1/../../../../pic32mx/lib\libmchp_peripheral_32MX230F064B.a(int_restore_interrupts_lib.o)
 .debug_str     0x00000b84        0x0 c:/program files (x86)/microchip/mplab c32 suite/bin/../lib/gcc/pic32mx/4.5.1/../../../../pic32mx/lib\libmchp_peripheral_32MX230F064B.a(int_enable_mv_int_lib.o)
 .debug_str     0x00000b84        0x0 c:/program files (x86)/microchip/mplab c32 suite/bin/../lib/gcc/pic32mx/4.5.1/../../../../pic32mx/lib\libmchp_peripheral_32MX230F064B.a(int_tbl_lib.o)
 .debug_str     0x00000b84        0x0 c:/program files (x86)/microchip/mplab c32 suite/bin/../lib/gcc/pic32mx/4.5.1/../../../../pic32mx/lib\libmchp_peripheral_32MX230F064B.a(uart_lib.o)

.debug_loc
 *(.debug_loc)

.debug_macinfo
 *(.debug_macinfo)

.debug_weaknames
 *(.debug_weaknames)

.debug_funcnames
 *(.debug_funcnames)

.debug_typenames
 *(.debug_typenames)

.debug_varnames
 *(.debug_varnames)

.debug_pubtypes
                0x00000000      0xa8b
 *(.debug_pubtypes)
 .debug_pubtypes
                0x00000000       0xe5 Objects\PIC32MX460F512L\main.o
 .debug_pubtypes
                0x000000e5      0x296 Objects\PIC32MX460F512L\usb_device.o
 .debug_pubtypes
                0x0000037b      0x230 Objects\PIC32MX460F512L\usb_function_cdc.o
 .debug_pubtypes
                0x000005ab       0xcf Objects\PIC32MX460F512L\uSensor_API_Common.o
 .debug_pubtypes
                0x0000067a      0x101 Objects\PIC32MX460F512L\uSensor_API_UART.o
 .debug_pubtypes
                0x0000077b       0x2a Objects\PIC32MX460F512L\uSensor_Containers.o
 .debug_pubtypes
                0x000007a5      0x104 Objects\PIC32MX460F512L\usb_descriptors.o
 .debug_pubtypes
                0x000008a9      0x125 Objects\PIC32MX460F512L\USB_Functions.o
 .debug_pubtypes
                0x000009ce       0xbd Objects\PIC32MX460F512L\uSensor_API_USB_UART.o

.debug_ranges   0x00000000      0x140
 *(.debug_ranges)
 .debug_ranges  0x00000000       0x18 Objects\PIC32MX460F512L\usb_device.o
 .debug_ranges  0x00000018       0x10 c:/program files (x86)/microchip/mplab c32 suite/bin/../lib/gcc/pic32mx/4.5.1/../../../../pic32mx/lib\libc.a(default-general-exception-handler.o)
 .debug_ranges  0x00000028       0x10 c:/program files (x86)/microchip/mplab c32 suite/bin/../lib/gcc/pic32mx/4.5.1/../../../../pic32mx/lib\libc.a(default-bootstrap-exception-handler.o)
 .debug_ranges  0x00000038       0x10 c:/program files (x86)/microchip/mplab c32 suite/bin/../lib/gcc/pic32mx/4.5.1/../../../../pic32mx/lib\libc.a(default-on-reset.o)
 .debug_ranges  0x00000048       0x10 c:/program files (x86)/microchip/mplab c32 suite/bin/../lib/gcc/pic32mx/4.5.1/../../../../pic32mx/lib\libc.a(default-on-bootstrap.o)
 .debug_ranges  0x00000058       0x10 c:/program files (x86)/microchip/mplab c32 suite/bin/../lib/gcc/pic32mx/4.5.1/../../../../pic32mx/lib\libmchp_peripheral_32MX230F064B.a(int_configure_system_lib.o)
 .debug_ranges  0x00000068       0x10 c:/program files (x86)/microchip/mplab c32 suite/bin/../lib/gcc/pic32mx/4.5.1/../../../../pic32mx/lib\libmchp_peripheral_32MX230F064B.a(int_enable_interrupts_lib.o)
 .debug_ranges  0x00000078       0x10 c:/program files (x86)/microchip/mplab c32 suite/bin/../lib/gcc/pic32mx/4.5.1/../../../../pic32mx/lib\libmchp_peripheral_32MX230F064B.a(int_disable_interrupts_lib.o)
 .debug_ranges  0x00000088       0x10 c:/program files (x86)/microchip/mplab c32 suite/bin/../lib/gcc/pic32mx/4.5.1/../../../../pic32mx/lib\libmchp_peripheral_32MX230F064B.a(int_restore_interrupts_lib.o)
 .debug_ranges  0x00000098       0x10 c:/program files (x86)/microchip/mplab c32 suite/bin/../lib/gcc/pic32mx/4.5.1/../../../../pic32mx/lib\libmchp_peripheral_32MX230F064B.a(int_enable_mv_int_lib.o)
 .debug_ranges  0x000000a8       0x50 c:/program files (x86)/microchip/mplab c32 suite/bin/../lib/gcc/pic32mx/4.5.1/../../../../pic32mx/lib\libmchp_peripheral_32MX230F064B.a(int_tbl_lib.o)
 .debug_ranges  0x000000f8       0x48 c:/program files (x86)/microchip/mplab c32 suite/bin/../lib/gcc/pic32mx/4.5.1/../../../../pic32mx/lib\libmchp_peripheral_32MX230F064B.a(uart_lib.o)

.gnu.attributes
                0x00000000       0x10
 *(.gnu.attributes)
 .gnu.attributes
                0x00000000       0x10 Objects\PIC32MX460F512L\main.o
 .gnu.attributes
                0x00000010       0x10 Objects\PIC32MX460F512L\usb_device.o
 .gnu.attributes
                0x00000020       0x10 Objects\PIC32MX460F512L\usb_function_cdc.o
 .gnu.attributes
                0x00000030       0x10 Objects\PIC32MX460F512L\uSensor_API_Common.o
 .gnu.attributes
                0x00000040       0x10 Objects\PIC32MX460F512L\uSensor_API_UART.o
 .gnu.attributes
                0x00000050       0x10 Objects\PIC32MX460F512L\uSensor_Containers.o
 .gnu.attributes
                0x00000060       0x10 Objects\PIC32MX460F512L\usb_descriptors.o
 .gnu.attributes
                0x00000070       0x10 Objects\PIC32MX460F512L\USB_Functions.o
 .gnu.attributes
                0x00000080       0x10 Objects\PIC32MX460F512L\uSensor_API_USB_UART.o
 .gnu.attributes
                0x00000090       0x10 c:/program files (x86)/microchip/mplab c32 suite/bin/../lib/gcc/pic32mx/4.5.1/../../../../pic32mx/lib\libc.a(default-general-exception-handler.o)
 .gnu.attributes
                0x000000a0       0x10 c:/program files (x86)/microchip/mplab c32 suite/bin/../lib/gcc/pic32mx/4.5.1/../../../../pic32mx/lib\libc.a(default-bootstrap-exception-handler.o)
 .gnu.attributes
                0x000000b0       0x10 c:/program files (x86)/microchip/mplab c32 suite/bin/../lib/gcc/pic32mx/4.5.1/../../../../pic32mx/lib\libc.a(default-on-reset.o)
 .gnu.attributes
                0x000000c0       0x10 c:/program files (x86)/microchip/mplab c32 suite/bin/../lib/gcc/pic32mx/4.5.1/../../../../pic32mx/lib\libc.a(default-on-bootstrap.o)
 .gnu.attributes
                0x000000d0       0x10 c:/program files (x86)/microchip/mplab c32 suite/bin/../lib/gcc/pic32mx/4.5.1/../../../../pic32mx/lib\libmchp_peripheral_32MX230F064B.a(int_configure_system_lib.o)
 .gnu.attributes
                0x000000e0       0x10 c:/program files (x86)/microchip/mplab c32 suite/bin/../lib/gcc/pic32mx/4.5.1/../../../../pic32mx/lib\libmchp_peripheral_32MX230F064B.a(int_enable_interrupts_lib.o)
 .gnu.attributes
                0x000000f0       0x10 c:/program files (x86)/microchip/mplab c32 suite/bin/../lib/gcc/pic32mx/4.5.1/../../../../pic32mx/lib\libmchp_peripheral_32MX230F064B.a(int_disable_interrupts_lib.o)
 .gnu.attributes
                0x00000100       0x10 c:/program files (x86)/microchip/mplab c32 suite/bin/../lib/gcc/pic32mx/4.5.1/../../../../pic32mx/lib\libmchp_peripheral_32MX230F064B.a(int_restore_interrupts_lib.o)
 .gnu.attributes
                0x00000110       0x10 c:/program files (x86)/microchip/mplab c32 suite/bin/../lib/gcc/pic32mx/4.5.1/../../../../pic32mx/lib\libmchp_peripheral_32MX230F064B.a(int_enable_mv_int_lib.o)
 .gnu.attributes
                0x00000120       0x10 c:/program files (x86)/microchip/mplab c32 suite/bin/../lib/gcc/pic32mx/4.5.1/../../../../pic32mx/lib\libmchp_peripheral_32MX230F064B.a(int_tbl_lib.o)
 .gnu.attributes
                0x00000130       0x10 c:/program files (x86)/microchip/mplab c32 suite/bin/../lib/gcc/pic32mx/4.5.1/../../../../pic32mx/lib\libmchp_peripheral_32MX230F064B.a(uart_lib.o)
OUTPUT(PIC32MX2XX_Stripped_CDC.elf elf32-tradlittlemips)
LOAD stack
LOAD data_init

.stack          0xa0000790      0x400
 .stack         0xa0000790      0x400 stack

.bss%z1         0x00000000        0x0
 .bss           0x00000000        0x0 c:/program files (x86)/microchip/mplab c32 suite/bin/../lib/gcc/pic32mx/4.5.1/../../../../pic32mx/lib/./proc/32MX230F064B\processor.o

.data%z2        0x00000000        0x0
 .data          0x00000000        0x0 c:/program files (x86)/microchip/mplab c32 suite/bin/../lib/gcc/pic32mx/4.5.1/../../../../pic32mx/lib/./proc/32MX230F064B\processor.o

.mdebug.abi32%z3
                0x00000000        0x0
 .mdebug.abi32  0x00000000        0x0 c:/program files (x86)/microchip/mplab c32 suite/bin/../lib/gcc/pic32mx/4.5.1/../../../../pic32mx/lib\libmchp_peripheral_32MX230F064B.a(uart_lib.o)

.bss%z4         0x00000000        0x0
 .bss           0x00000000        0x0 c:/program files (x86)/microchip/mplab c32 suite/bin/../lib/gcc/pic32mx/4.5.1/../../../../pic32mx/lib\libmchp_peripheral_32MX230F064B.a(uart_lib.o)

.data%z5        0x00000000        0x0
 .data          0x00000000        0x0 c:/program files (x86)/microchip/mplab c32 suite/bin/../lib/gcc/pic32mx/4.5.1/../../../../pic32mx/lib\libmchp_peripheral_32MX230F064B.a(uart_lib.o)

.mdebug.abi32%z6
                0x00000000        0x0
 .mdebug.abi32  0x00000000        0x0 c:/program files (x86)/microchip/mplab c32 suite/bin/../lib/gcc/pic32mx/4.5.1/../../../../pic32mx/lib\libmchp_peripheral_32MX230F064B.a(int_tbl_lib.o)

.bss%z7         0x00000000        0x0
 .bss           0x00000000        0x0 c:/program files (x86)/microchip/mplab c32 suite/bin/../lib/gcc/pic32mx/4.5.1/../../../../pic32mx/lib\libmchp_peripheral_32MX230F064B.a(int_tbl_lib.o)

.data%z8        0x00000000        0x0
 .data          0x00000000        0x0 c:/program files (x86)/microchip/mplab c32 suite/bin/../lib/gcc/pic32mx/4.5.1/../../../../pic32mx/lib\libmchp_peripheral_32MX230F064B.a(int_tbl_lib.o)

.mdebug.abi32%z9
                0x00000000        0x0
 .mdebug.abi32  0x00000000        0x0 c:/program files (x86)/microchip/mplab c32 suite/bin/../lib/gcc/pic32mx/4.5.1/../../../../pic32mx/lib\libmchp_peripheral_32MX230F064B.a(int_enable_mv_int_lib.o)

.bss%z10        0x00000000        0x0
 .bss           0x00000000        0x0 c:/program files (x86)/microchip/mplab c32 suite/bin/../lib/gcc/pic32mx/4.5.1/../../../../pic32mx/lib\libmchp_peripheral_32MX230F064B.a(int_enable_mv_int_lib.o)

.data%z11       0x00000000        0x0
 .data          0x00000000        0x0 c:/program files (x86)/microchip/mplab c32 suite/bin/../lib/gcc/pic32mx/4.5.1/../../../../pic32mx/lib\libmchp_peripheral_32MX230F064B.a(int_enable_mv_int_lib.o)

.mdebug.abi32%z12
                0x00000000        0x0
 .mdebug.abi32  0x00000000        0x0 c:/program files (x86)/microchip/mplab c32 suite/bin/../lib/gcc/pic32mx/4.5.1/../../../../pic32mx/lib\libmchp_peripheral_32MX230F064B.a(int_restore_interrupts_lib.o)

.bss%z13        0x00000000        0x0
 .bss           0x00000000        0x0 c:/program files (x86)/microchip/mplab c32 suite/bin/../lib/gcc/pic32mx/4.5.1/../../../../pic32mx/lib\libmchp_peripheral_32MX230F064B.a(int_restore_interrupts_lib.o)

.data%z14       0x00000000        0x0
 .data          0x00000000        0x0 c:/program files (x86)/microchip/mplab c32 suite/bin/../lib/gcc/pic32mx/4.5.1/../../../../pic32mx/lib\libmchp_peripheral_32MX230F064B.a(int_restore_interrupts_lib.o)

.mdebug.abi32%z15
                0x00000000        0x0
 .mdebug.abi32  0x00000000        0x0 c:/program files (x86)/microchip/mplab c32 suite/bin/../lib/gcc/pic32mx/4.5.1/../../../../pic32mx/lib\libmchp_peripheral_32MX230F064B.a(int_disable_interrupts_lib.o)

.bss%z16        0x00000000        0x0
 .bss           0x00000000        0x0 c:/program files (x86)/microchip/mplab c32 suite/bin/../lib/gcc/pic32mx/4.5.1/../../../../pic32mx/lib\libmchp_peripheral_32MX230F064B.a(int_disable_interrupts_lib.o)

.data%z17       0x00000000        0x0
 .data          0x00000000        0x0 c:/program files (x86)/microchip/mplab c32 suite/bin/../lib/gcc/pic32mx/4.5.1/../../../../pic32mx/lib\libmchp_peripheral_32MX230F064B.a(int_disable_interrupts_lib.o)

.mdebug.abi32%z18
                0x00000000        0x0
 .mdebug.abi32  0x00000000        0x0 c:/program files (x86)/microchip/mplab c32 suite/bin/../lib/gcc/pic32mx/4.5.1/../../../../pic32mx/lib\libmchp_peripheral_32MX230F064B.a(int_enable_interrupts_lib.o)

.bss%z19        0x00000000        0x0
 .bss           0x00000000        0x0 c:/program files (x86)/microchip/mplab c32 suite/bin/../lib/gcc/pic32mx/4.5.1/../../../../pic32mx/lib\libmchp_peripheral_32MX230F064B.a(int_enable_interrupts_lib.o)

.data%z20       0x00000000        0x0
 .data          0x00000000        0x0 c:/program files (x86)/microchip/mplab c32 suite/bin/../lib/gcc/pic32mx/4.5.1/../../../../pic32mx/lib\libmchp_peripheral_32MX230F064B.a(int_enable_interrupts_lib.o)

.mdebug.abi32%z21
                0x00000000        0x0
 .mdebug.abi32  0x00000000        0x0 c:/program files (x86)/microchip/mplab c32 suite/bin/../lib/gcc/pic32mx/4.5.1/../../../../pic32mx/lib\libmchp_peripheral_32MX230F064B.a(int_configure_system_lib.o)

.bss%z22        0x00000000        0x0
 .bss           0x00000000        0x0 c:/program files (x86)/microchip/mplab c32 suite/bin/../lib/gcc/pic32mx/4.5.1/../../../../pic32mx/lib\libmchp_peripheral_32MX230F064B.a(int_configure_system_lib.o)

.data%z23       0x00000000        0x0
 .data          0x00000000        0x0 c:/program files (x86)/microchip/mplab c32 suite/bin/../lib/gcc/pic32mx/4.5.1/../../../../pic32mx/lib\libmchp_peripheral_32MX230F064B.a(int_configure_system_lib.o)

.bss%z24        0x00000000        0x0
 .bss           0x00000000        0x0 c:/program files (x86)/microchip/mplab c32 suite/bin/../lib/gcc/pic32mx/4.5.1/../../../../pic32mx/lib\libc.a(default-nmi-handler.o)

.data%z25       0x00000000        0x0
 .data          0x00000000        0x0 c:/program files (x86)/microchip/mplab c32 suite/bin/../lib/gcc/pic32mx/4.5.1/../../../../pic32mx/lib\libc.a(default-nmi-handler.o)

.mdebug.abi32%z26
                0x00000000        0x0
 .mdebug.abi32  0x00000000        0x0 c:/program files (x86)/microchip/mplab c32 suite/bin/../lib/gcc/pic32mx/4.5.1/../../../../pic32mx/lib\libc.a(default-on-bootstrap.o)

.bss%z27        0x00000000        0x0
 .bss           0x00000000        0x0 c:/program files (x86)/microchip/mplab c32 suite/bin/../lib/gcc/pic32mx/4.5.1/../../../../pic32mx/lib\libc.a(default-on-bootstrap.o)

.data%z28       0x00000000        0x0
 .data          0x00000000        0x0 c:/program files (x86)/microchip/mplab c32 suite/bin/../lib/gcc/pic32mx/4.5.1/../../../../pic32mx/lib\libc.a(default-on-bootstrap.o)

.mdebug.abi32%z29
                0x00000000        0x0
 .mdebug.abi32  0x00000000        0x0 c:/program files (x86)/microchip/mplab c32 suite/bin/../lib/gcc/pic32mx/4.5.1/../../../../pic32mx/lib\libc.a(default-on-reset.o)

.bss%z30        0x00000000        0x0
 .bss           0x00000000        0x0 c:/program files (x86)/microchip/mplab c32 suite/bin/../lib/gcc/pic32mx/4.5.1/../../../../pic32mx/lib\libc.a(default-on-reset.o)

.data%z31       0x00000000        0x0
 .data          0x00000000        0x0 c:/program files (x86)/microchip/mplab c32 suite/bin/../lib/gcc/pic32mx/4.5.1/../../../../pic32mx/lib\libc.a(default-on-reset.o)

.mdebug.abi32%z32
                0x00000000        0x0
 .mdebug.abi32  0x00000000        0x0 c:/program files (x86)/microchip/mplab c32 suite/bin/../lib/gcc/pic32mx/4.5.1/../../../../pic32mx/lib\libc.a(default-bootstrap-exception-handler.o)

.bss%z33        0x00000000        0x0
 .bss           0x00000000        0x0 c:/program files (x86)/microchip/mplab c32 suite/bin/../lib/gcc/pic32mx/4.5.1/../../../../pic32mx/lib\libc.a(default-bootstrap-exception-handler.o)

.data%z34       0x00000000        0x0
 .data          0x00000000        0x0 c:/program files (x86)/microchip/mplab c32 suite/bin/../lib/gcc/pic32mx/4.5.1/../../../../pic32mx/lib\libc.a(default-bootstrap-exception-handler.o)

.mdebug.abi32%z35
                0x00000000        0x0
 .mdebug.abi32  0x00000000        0x0 c:/program files (x86)/microchip/mplab c32 suite/bin/../lib/gcc/pic32mx/4.5.1/../../../../pic32mx/lib\libc.a(default-general-exception-handler.o)

.bss%z36        0x00000000        0x0
 .bss           0x00000000        0x0 c:/program files (x86)/microchip/mplab c32 suite/bin/../lib/gcc/pic32mx/4.5.1/../../../../pic32mx/lib\libc.a(default-general-exception-handler.o)

.data%z37       0x00000000        0x0
 .data          0x00000000        0x0 c:/program files (x86)/microchip/mplab c32 suite/bin/../lib/gcc/pic32mx/4.5.1/../../../../pic32mx/lib\libc.a(default-general-exception-handler.o)

.bss%z38        0x00000000        0x0
 .bss           0x00000000        0x0 c:/program files (x86)/microchip/mplab c32 suite/bin/../lib/gcc/pic32mx/4.5.1/../../../../pic32mx/lib\libc.a(general-exception.o)

.data%z39       0x00000000        0x0
 .data          0x00000000        0x0 c:/program files (x86)/microchip/mplab c32 suite/bin/../lib/gcc/pic32mx/4.5.1/../../../../pic32mx/lib\libc.a(general-exception.o)

.bss%z40        0x00000000        0x0
 .bss           0x00000000        0x0 c:/program files (x86)/microchip/mplab c32 suite/bin/../lib/gcc/pic32mx/4.5.1/../../../../pic32mx/lib\libc.a(memset.o)

.data%z41       0x00000000        0x0
 .data          0x00000000        0x0 c:/program files (x86)/microchip/mplab c32 suite/bin/../lib/gcc/pic32mx/4.5.1/../../../../pic32mx/lib\libc.a(memset.o)

.mdebug.abi32%z42
                0x00000000        0x0
 .mdebug.abi32  0x00000000        0x0 Objects\PIC32MX460F512L\uSensor_API_USB_UART.o

.bss%z43        0x00000000        0x0
 .bss           0x00000000        0x0 Objects\PIC32MX460F512L\uSensor_API_USB_UART.o

.data%z44       0x00000000        0x0
 .data          0x00000000        0x0 Objects\PIC32MX460F512L\uSensor_API_USB_UART.o

.mdebug.abi32%z45
                0x00000000        0x0
 .mdebug.abi32  0x00000000        0x0 Objects\PIC32MX460F512L\USB_Functions.o

.bss%z46        0x00000000        0x0
 .bss           0x00000000        0x0 Objects\PIC32MX460F512L\USB_Functions.o

.data%z47       0x00000000        0x0
 .data          0x00000000        0x0 Objects\PIC32MX460F512L\USB_Functions.o

.mdebug.abi32%z48
                0x00000000        0x0
 .mdebug.abi32  0x00000000        0x0 Objects\PIC32MX460F512L\usb_descriptors.o

.bss%z49        0x00000000        0x0
 .bss           0x00000000        0x0 Objects\PIC32MX460F512L\usb_descriptors.o

.data%z50       0x00000000        0x0
 .data          0x00000000        0x0 Objects\PIC32MX460F512L\usb_descriptors.o

.mdebug.abi32%z51
                0x00000000        0x0
 .mdebug.abi32  0x00000000        0x0 Objects\PIC32MX460F512L\uSensor_Containers.o

.bss%z52        0x00000000        0x0
 .bss           0x00000000        0x0 Objects\PIC32MX460F512L\uSensor_Containers.o

.data%z53       0x00000000        0x0
 .data          0x00000000        0x0 Objects\PIC32MX460F512L\uSensor_Containers.o

.mdebug.abi32%z54
                0x00000000        0x0
 .mdebug.abi32  0x00000000        0x0 Objects\PIC32MX460F512L\uSensor_API_UART.o

.bss%z55        0x00000000        0x0
 .bss           0x00000000        0x0 Objects\PIC32MX460F512L\uSensor_API_UART.o

.data%z56       0x00000000        0x0
 .data          0x00000000        0x0 Objects\PIC32MX460F512L\uSensor_API_UART.o

.mdebug.abi32%z57
                0x00000000        0x0
 .mdebug.abi32  0x00000000        0x0 Objects\PIC32MX460F512L\uSensor_API_Common.o

.bss%z58        0x00000000        0x0
 .bss           0x00000000        0x0 Objects\PIC32MX460F512L\uSensor_API_Common.o

.data%z59       0x00000000        0x0
 .data          0x00000000        0x0 Objects\PIC32MX460F512L\uSensor_API_Common.o

.mdebug.abi32%z60
                0x00000000        0x0
 .mdebug.abi32  0x00000000        0x0 Objects\PIC32MX460F512L\usb_function_cdc.o

.bss%z61        0x00000000        0x0
 .bss           0x00000000        0x0 Objects\PIC32MX460F512L\usb_function_cdc.o

.data%z62       0x00000000        0x0
 .data          0x00000000        0x0 Objects\PIC32MX460F512L\usb_function_cdc.o

.mdebug.abi32%z63
                0x00000000        0x0
 .mdebug.abi32  0x00000000        0x0 Objects\PIC32MX460F512L\usb_device.o

.bss%z64        0x00000000        0x0
 .bss           0x00000000        0x0 Objects\PIC32MX460F512L\usb_device.o

.data%z65       0x00000000        0x0
 .data          0x00000000        0x0 Objects\PIC32MX460F512L\usb_device.o

.mdebug.abi32%z66
                0x00000000        0x0
 .mdebug.abi32  0x00000000        0x0 Objects\PIC32MX460F512L\main.o

.bss%z67        0x00000000        0x0
 .bss           0x00000000        0x0 Objects\PIC32MX460F512L\main.o

.data%z68       0x00000000        0x0
 .data          0x00000000        0x0 Objects\PIC32MX460F512L\main.o

.bss%z69        0x00000000        0x0
 .bss           0x00000000        0x0 c:/program files (x86)/microchip/mplab c32 suite/bin/../lib/gcc/pic32mx/4.5.1/../../../../pic32mx/lib/crt0.o

.data%z70       0x00000000        0x0
 .data          0x00000000        0x0 c:/program files (x86)/microchip/mplab c32 suite/bin/../lib/gcc/pic32mx/4.5.1/../../../../pic32mx/lib/crt0.o

.text           0x9d000008     0x4ba0
 .text          0x9d000008     0x3744 Objects\PIC32MX460F512L\usb_device.o
                0x9d000008                USBDeviceInit
                0x9d000308                _USB1Interrupt
                0x9d000834                USBEnableEndpoint
                0x9d0008d8                USBTransferOnePacket
                0x9d000b58                USBStallEndpoint
                0x9d000d68                USBCancelIO
                0x9d00119c                USBDeviceDetach
                0x9d0011d0                USBDeviceAttach
                0x9d0012cc                USBCtrlEPAllowStatusStage
                0x9d001500                USBCtrlEPAllowDataStage
 .text          0x9d00374c      0xa88 Objects\PIC32MX460F512L\usb_function_cdc.o
                0x9d00374c                USBCheckCDCRequest
                0x9d003abc                CDCInitEP
                0x9d003b48                USBCDCEventHandler
                0x9d003be8                getsUSBUSART
                0x9d003d2c                putUSBUSART
                0x9d003da8                putsUSBUSART
                0x9d003e90                putrsUSBUSART
                0x9d003f74                CDCTxService
 .text          0x9d0041d4      0x9d4 Objects\PIC32MX460F512L\uSensor_API_UART.o
                0x9d0041d4                UART_Bytes_Available
                0x9d00423c                UART_Get_Tx_FIFO
                0x9d0042a0                UART_Get_Rx_FIFO
                0x9d004304                UART_Init
                0x9d004410                UART_Read
                0x9d004454                UART_Write
                0x9d004538                UART_Write_Byte
                0x9d0045d8                UART_Write_U32
                0x9d004734                IntUART1Handler
                0x9d004968                IntUart2Handler

.rodata         0x9d004ba8      0x558
 .rodata        0x9d004ba8      0x558 c:/program files (x86)/microchip/mplab c32 suite/bin/../lib/gcc/pic32mx/4.5.1/../../../../pic32mx/lib\libmchp_peripheral_32MX230F064B.a(int_tbl_lib.o)
                0x9d004ba8                __IntSrcTbl
                0x9d004ef0                __IntVectorTbl

.text           0x9d005100      0x980
 .text          0x9d005100      0x33c Objects\PIC32MX460F512L\USB_Functions.o
                0x9d005100                USBCBSuspend
                0x9d005120                USBCBWakeFromSuspend
                0x9d005140                USBCB_SOF_Handler
                0x9d005160                USBCBErrorHandler
                0x9d005180                USBCBCheckOtherReq
                0x9d0051b0                USBCBStdSetDscHandler
                0x9d0051d0                USBCBInitEP
                0x9d005200                USBCBSendResume
                0x9d0052f4                USER_USB_CALLBACK_EVENT_HANDLER
 .text          0x9d00543c      0x2d8 Objects\PIC32MX460F512L\uSensor_API_Common.o
                0x9d00543c                Microcontroller_Init
 .text          0x9d005714      0x25c Objects\PIC32MX460F512L\uSensor_Containers.o
                0x9d005714                uSensor_FIFO_Available
                0x9d0057bc                uSensor_FIFO_Flush
                0x9d0057f0                uSensor_FIFO_Free
                0x9d005834                uSensor_FIFO_Pop
                0x9d0058cc                uSensor_FIFO_Push
 .text          0x9d005970      0x110 Objects\PIC32MX460F512L\main.o
                0x9d005970                main

.rodata         0x9d005a80       0xd4
 .rodata        0x9d005a80       0xd4 Objects\PIC32MX460F512L\usb_descriptors.o
                0x9d005a80                device_dsc
                0x9d005a94                configDescriptor1
                0x9d005ad8                sd000
                0x9d005adc                sd001
                0x9d005b10                sd002
                0x9d005b44                USB_CD_Ptr
                0x9d005b48                USB_SD_Ptr

.text.general_exception
                0x9d005b54       0xd0
 .text.general_exception
                0x9d005b54       0xd0 c:/program files (x86)/microchip/mplab c32 suite/bin/../lib/gcc/pic32mx/4.5.1/../../../../pic32mx/lib\libc.a(general-exception.o)
                0x9d005b54                _general_exception_context

.text           0x9d005c24       0xa8
 .text          0x9d005c24       0xa8 c:/program files (x86)/microchip/mplab c32 suite/bin/../lib/gcc/pic32mx/4.5.1/../../../../pic32mx/lib\libc.a(memset.o)
                0x9d005c24                memset

.text.UARTEnable
                0x9d005ccc       0x80
 .text.UARTEnable
                0x9d005ccc       0x80 c:/program files (x86)/microchip/mplab c32 suite/bin/../lib/gcc/pic32mx/4.5.1/../../../../pic32mx/lib\libmchp_peripheral_32MX230F064B.a(uart_lib.o)
                0x9d005ccc                UARTEnable

.text.UARTSetDataRate
                0x9d005d4c       0x5c
 .text.UARTSetDataRate
                0x9d005d4c       0x5c c:/program files (x86)/microchip/mplab c32 suite/bin/../lib/gcc/pic32mx/4.5.1/../../../../pic32mx/lib\libmchp_peripheral_32MX230F064B.a(uart_lib.o)
                0x9d005d4c                UARTSetDataRate

.text.INTEnable
                0x9d005da8       0x58
 .text.INTEnable
                0x9d005da8       0x58 c:/program files (x86)/microchip/mplab c32 suite/bin/../lib/gcc/pic32mx/4.5.1/../../../../pic32mx/lib\libmchp_peripheral_32MX230F064B.a(int_tbl_lib.o)
                0x9d005da8                INTEnable

.dinit          0x9d005e00       0x4c
 .dinit         0x9d005e00       0x4c data_init

.text.UARTGetDataRate
                0x9d005e4c       0x40
 .text.UARTGetDataRate
                0x9d005e4c       0x40 c:/program files (x86)/microchip/mplab c32 suite/bin/../lib/gcc/pic32mx/4.5.1/../../../../pic32mx/lib\libmchp_peripheral_32MX230F064B.a(uart_lib.o)
                0x9d005e4c                UARTGetDataRate

.text.INTSetVectorPriority
                0x9d005e8c       0x3c
 .text.INTSetVectorPriority
                0x9d005e8c       0x3c c:/program files (x86)/microchip/mplab c32 suite/bin/../lib/gcc/pic32mx/4.5.1/../../../../pic32mx/lib\libmchp_peripheral_32MX230F064B.a(int_tbl_lib.o)
                0x9d005e8c                INTSetVectorPriority

.text.INTSetVectorSubPriority
                0x9d005ec8       0x3c
 .text.INTSetVectorSubPriority
                0x9d005ec8       0x3c c:/program files (x86)/microchip/mplab c32 suite/bin/../lib/gcc/pic32mx/4.5.1/../../../../pic32mx/lib\libmchp_peripheral_32MX230F064B.a(int_tbl_lib.o)
                0x9d005ec8                INTSetVectorSubPriority

.text.UARTConfigure
                0x9d005f04       0x3c
 .text.UARTConfigure
                0x9d005f04       0x3c c:/program files (x86)/microchip/mplab c32 suite/bin/../lib/gcc/pic32mx/4.5.1/../../../../pic32mx/lib\libmchp_peripheral_32MX230F064B.a(uart_lib.o)
                0x9d005f04                UARTConfigure

.text.UARTSetAddress
                0x9d005f40       0x3c
 .text.UARTSetAddress
                0x9d005f40       0x3c c:/program files (x86)/microchip/mplab c32 suite/bin/../lib/gcc/pic32mx/4.5.1/../../../../pic32mx/lib\libmchp_peripheral_32MX230F064B.a(uart_lib.o)
                0x9d005f40                UARTSetAddress

.text.UARTWatchForAddress
                0x9d005f7c       0x38
 .text.UARTWatchForAddress
                0x9d005f7c       0x38 c:/program files (x86)/microchip/mplab c32 suite/bin/../lib/gcc/pic32mx/4.5.1/../../../../pic32mx/lib\libmchp_peripheral_32MX230F064B.a(uart_lib.o)
                0x9d005f7c                UARTWatchForAddress

.text.INTEnableSystemMultiVectoredInt
                0x9d005fb4       0x34
 .text.INTEnableSystemMultiVectoredInt
                0x9d005fb4       0x34 c:/program files (x86)/microchip/mplab c32 suite/bin/../lib/gcc/pic32mx/4.5.1/../../../../pic32mx/lib\libmchp_peripheral_32MX230F064B.a(int_enable_mv_int_lib.o)
                0x9d005fb4                INTEnableSystemMultiVectoredInt

.text.INTConfigureSystem
                0x9d005fe8       0x30
 .text.INTConfigureSystem
                0x9d005fe8       0x30 c:/program files (x86)/microchip/mplab c32 suite/bin/../lib/gcc/pic32mx/4.5.1/../../../../pic32mx/lib\libmchp_peripheral_32MX230F064B.a(int_configure_system_lib.o)
                0x9d005fe8                INTConfigureSystem

.text.INTGetVectorPriority
                0x9d006018       0x30
 .text.INTGetVectorPriority
                0x9d006018       0x30 c:/program files (x86)/microchip/mplab c32 suite/bin/../lib/gcc/pic32mx/4.5.1/../../../../pic32mx/lib\libmchp_peripheral_32MX230F064B.a(int_tbl_lib.o)
                0x9d006018                INTGetVectorPriority

.text.INTGetVectorSubPriority
                0x9d006048       0x30
 .text.INTGetVectorSubPriority
                0x9d006048       0x30 c:/program files (x86)/microchip/mplab c32 suite/bin/../lib/gcc/pic32mx/4.5.1/../../../../pic32mx/lib\libmchp_peripheral_32MX230F064B.a(int_tbl_lib.o)
                0x9d006048                INTGetVectorSubPriority

.text.INTClearFlag
                0x9d006078       0x2c
 .text.INTClearFlag
                0x9d006078       0x2c c:/program files (x86)/microchip/mplab c32 suite/bin/../lib/gcc/pic32mx/4.5.1/../../../../pic32mx/lib\libmchp_peripheral_32MX230F064B.a(int_tbl_lib.o)
                0x9d006078                INTClearFlag

.text.INTSetFlag
                0x9d0060a4       0x2c
 .text.INTSetFlag
                0x9d0060a4       0x2c c:/program files (x86)/microchip/mplab c32 suite/bin/../lib/gcc/pic32mx/4.5.1/../../../../pic32mx/lib\libmchp_peripheral_32MX230F064B.a(int_tbl_lib.o)
                0x9d0060a4                INTSetFlag

.text.INTGetFlag
                0x9d0060d0       0x2c
 .text.INTGetFlag
                0x9d0060d0       0x2c c:/program files (x86)/microchip/mplab c32 suite/bin/../lib/gcc/pic32mx/4.5.1/../../../../pic32mx/lib\libmchp_peripheral_32MX230F064B.a(int_tbl_lib.o)
                0x9d0060d0                INTGetFlag

.text.INTGetEnable
                0x9d0060fc       0x2c
 .text.INTGetEnable
                0x9d0060fc       0x2c c:/program files (x86)/microchip/mplab c32 suite/bin/../lib/gcc/pic32mx/4.5.1/../../../../pic32mx/lib\libmchp_peripheral_32MX230F064B.a(int_tbl_lib.o)
                0x9d0060fc                INTGetEnable

.text.UARTSetFifoMode
                0x9d006128       0x28
 .text.UARTSetFifoMode
                0x9d006128       0x28 c:/program files (x86)/microchip/mplab c32 suite/bin/../lib/gcc/pic32mx/4.5.1/../../../../pic32mx/lib\libmchp_peripheral_32MX230F064B.a(uart_lib.o)
                0x9d006128                UARTSetFifoMode

.text.UARTSetLineControl
                0x9d006150       0x28
 .text.UARTSetLineControl
                0x9d006150       0x28 c:/program files (x86)/microchip/mplab c32 suite/bin/../lib/gcc/pic32mx/4.5.1/../../../../pic32mx/lib\libmchp_peripheral_32MX230F064B.a(uart_lib.o)
                0x9d006150                UARTSetLineControl

.text           0x9d006178       0x24
 .text          0x9d006178       0x24 Objects\PIC32MX460F512L\uSensor_API_USB_UART.o
                0x9d006178                USB_UART_Init

.text.INTRestoreInterrupts
                0x9d00619c       0x1c
 .text.INTRestoreInterrupts
                0x9d00619c       0x1c c:/program files (x86)/microchip/mplab c32 suite/bin/../lib/gcc/pic32mx/4.5.1/../../../../pic32mx/lib\libmchp_peripheral_32MX230F064B.a(int_restore_interrupts_lib.o)
                0x9d00619c                INTRestoreInterrupts

.text           0x9d0061b8       0x28
 .text          0x9d0061b8       0x18 c:/program files (x86)/microchip/mplab c32 suite/bin/../lib/gcc/pic32mx/4.5.1/../../../../pic32mx/lib\libc.a(default-nmi-handler.o)
                0x9d0061b8                _nmi_handler
 .text          0x9d0061d0       0x10 c:/program files (x86)/microchip/mplab c32 suite/bin/../lib/gcc/pic32mx/4.5.1/../../../../pic32mx/lib/crt0.o
                0x9d0061d8                __crt0_exit

.text._general_exception_handler
                0x9d0061e0        0xc
 .text._general_exception_handler
                0x9d0061e0        0xc c:/program files (x86)/microchip/mplab c32 suite/bin/../lib/gcc/pic32mx/4.5.1/../../../../pic32mx/lib\libc.a(default-general-exception-handler.o)
                0x9d0061e0                _general_exception_handler

.text._bootstrap_exception_handler
                0x9d0061ec        0xc
 .text._bootstrap_exception_handler
                0x9d0061ec        0xc c:/program files (x86)/microchip/mplab c32 suite/bin/../lib/gcc/pic32mx/4.5.1/../../../../pic32mx/lib\libc.a(default-bootstrap-exception-handler.o)
                0x9d0061ec                _bootstrap_exception_handler

.text._on_reset
                0x9d0061f8        0x8
 .text._on_reset
                0x9d0061f8        0x8 c:/program files (x86)/microchip/mplab c32 suite/bin/../lib/gcc/pic32mx/4.5.1/../../../../pic32mx/lib\libc.a(default-on-reset.o)
                0x9d0061f8                _on_reset

.text._on_bootstrap
                0x9d006200        0x8
 .text._on_bootstrap
                0x9d006200        0x8 c:/program files (x86)/microchip/mplab c32 suite/bin/../lib/gcc/pic32mx/4.5.1/../../../../pic32mx/lib\libc.a(default-on-bootstrap.o)
                0x9d006200                _on_bootstrap

.text.INTEnableInterrupts
                0x9d006208        0x8
 .text.INTEnableInterrupts
                0x9d006208        0x8 c:/program files (x86)/microchip/mplab c32 suite/bin/../lib/gcc/pic32mx/4.5.1/../../../../pic32mx/lib\libmchp_peripheral_32MX230F064B.a(int_enable_interrupts_lib.o)
                0x9d006208                INTEnableInterrupts

.text.INTDisableInterrupts
                0x9d006210        0x8
 .text.INTDisableInterrupts
                0x9d006210        0x8 c:/program files (x86)/microchip/mplab c32 suite/bin/../lib/gcc/pic32mx/4.5.1/../../../../pic32mx/lib\libmchp_peripheral_32MX230F064B.a(int_disable_interrupts_lib.o)
                0x9d006210                INTDisableInterrupts

.rodata         0x9d006218        0x8
 .rodata        0x9d006218        0x8 c:/program files (x86)/microchip/mplab c32 suite/bin/../lib/gcc/pic32mx/4.5.1/../../../../pic32mx/lib\libmchp_peripheral_32MX230F064B.a(uart_lib.o)
                0x9d006218                uartReg

.text%z71       0x00000000        0x0
 .text          0x00000000        0x0 c:/program files (x86)/microchip/mplab c32 suite/bin/../lib/gcc/pic32mx/4.5.1/../../../../pic32mx/lib/./proc/32MX230F064B\processor.o

.text%z72       0x00000000        0x0
 .text          0x00000000        0x0 c:/program files (x86)/microchip/mplab c32 suite/bin/../lib/gcc/pic32mx/4.5.1/../../../../pic32mx/lib\libmchp_peripheral_32MX230F064B.a(uart_lib.o)

.text%z73       0x00000000        0x0
 .text          0x00000000        0x0 c:/program files (x86)/microchip/mplab c32 suite/bin/../lib/gcc/pic32mx/4.5.1/../../../../pic32mx/lib\libmchp_peripheral_32MX230F064B.a(int_tbl_lib.o)

.text%z74       0x00000000        0x0
 .text          0x00000000        0x0 c:/program files (x86)/microchip/mplab c32 suite/bin/../lib/gcc/pic32mx/4.5.1/../../../../pic32mx/lib\libmchp_peripheral_32MX230F064B.a(int_enable_mv_int_lib.o)

.text%z75       0x00000000        0x0
 .text          0x00000000        0x0 c:/program files (x86)/microchip/mplab c32 suite/bin/../lib/gcc/pic32mx/4.5.1/../../../../pic32mx/lib\libmchp_peripheral_32MX230F064B.a(int_restore_interrupts_lib.o)

.text%z76       0x00000000        0x0
 .text          0x00000000        0x0 c:/program files (x86)/microchip/mplab c32 suite/bin/../lib/gcc/pic32mx/4.5.1/../../../../pic32mx/lib\libmchp_peripheral_32MX230F064B.a(int_disable_interrupts_lib.o)

.text%z77       0x00000000        0x0
 .text          0x00000000        0x0 c:/program files (x86)/microchip/mplab c32 suite/bin/../lib/gcc/pic32mx/4.5.1/../../../../pic32mx/lib\libmchp_peripheral_32MX230F064B.a(int_enable_interrupts_lib.o)

.text%z78       0x00000000        0x0
 .text          0x00000000        0x0 c:/program files (x86)/microchip/mplab c32 suite/bin/../lib/gcc/pic32mx/4.5.1/../../../../pic32mx/lib\libmchp_peripheral_32MX230F064B.a(int_configure_system_lib.o)

.text%z79       0x00000000        0x0
 .text          0x00000000        0x0 c:/program files (x86)/microchip/mplab c32 suite/bin/../lib/gcc/pic32mx/4.5.1/../../../../pic32mx/lib\libc.a(default-on-bootstrap.o)

.text%z80       0x00000000        0x0
 .text          0x00000000        0x0 c:/program files (x86)/microchip/mplab c32 suite/bin/../lib/gcc/pic32mx/4.5.1/../../../../pic32mx/lib\libc.a(default-on-reset.o)

.text%z81       0x00000000        0x0
 .text          0x00000000        0x0 c:/program files (x86)/microchip/mplab c32 suite/bin/../lib/gcc/pic32mx/4.5.1/../../../../pic32mx/lib\libc.a(default-bootstrap-exception-handler.o)

.text%z82       0x00000000        0x0
 .text          0x00000000        0x0 c:/program files (x86)/microchip/mplab c32 suite/bin/../lib/gcc/pic32mx/4.5.1/../../../../pic32mx/lib\libc.a(default-general-exception-handler.o)

.text%z83       0x00000000        0x0
 .text          0x00000000        0x0 c:/program files (x86)/microchip/mplab c32 suite/bin/../lib/gcc/pic32mx/4.5.1/../../../../pic32mx/lib\libc.a(general-exception.o)

.text%z84       0x00000000        0x0
 .text          0x00000000        0x0 Objects\PIC32MX460F512L\usb_descriptors.o
